Archive member included to satisfy reference by file (symbol)

app/libapp.a(main.c.obj)      (--whole-archive)
app/libapp.a(remote.c.obj)    (--whole-archive)
zephyr/libzephyr.a(cbprintf_packaged.c.obj)
                              (--whole-archive)
zephyr/libzephyr.a(dec.c.obj)
                              (--whole-archive)
zephyr/libzephyr.a(fdtable.c.obj)
                              (--whole-archive)
zephyr/libzephyr.a(hex.c.obj)
                              (--whole-archive)
zephyr/libzephyr.a(printk.c.obj)
                              (--whole-archive)
zephyr/libzephyr.a(rb.c.obj)  (--whole-archive)
zephyr/libzephyr.a(sem.c.obj)
                              (--whole-archive)
zephyr/libzephyr.a(thread_entry.c.obj)
                              (--whole-archive)
zephyr/libzephyr.a(timeutil.c.obj)
                              (--whole-archive)
zephyr/libzephyr.a(heap.c.obj)
                              (--whole-archive)
zephyr/libzephyr.a(heap-validate.c.obj)
                              (--whole-archive)
zephyr/libzephyr.a(bitarray.c.obj)
                              (--whole-archive)
zephyr/libzephyr.a(multi_heap.c.obj)
                              (--whole-archive)
zephyr/libzephyr.a(onoff.c.obj)
                              (--whole-archive)
zephyr/libzephyr.a(notify.c.obj)
                              (--whole-archive)
zephyr/libzephyr.a(cbprintf_complete.c.obj)
                              (--whole-archive)
zephyr/libzephyr.a(assert.c.obj)
                              (--whole-archive)
zephyr/libzephyr.a(mpsc_pbuf.c.obj)
                              (--whole-archive)
zephyr/libzephyr.a(reboot.c.obj)
                              (--whole-archive)
zephyr/libzephyr.a(configs.c.obj)
                              (--whole-archive)
zephyr/libzephyr.a(soc.c.obj)
                              (--whole-archive)
zephyr/libzephyr.a(sync_rtc.c.obj)
                              (--whole-archive)
zephyr/libzephyr.a(soc_nrf_common.S.obj)
                              (--whole-archive)
zephyr/libzephyr.a(validate_base_addresses.c.obj)
                              (--whole-archive)
zephyr/libzephyr.a(validate_enabled_instances.c.obj)
                              (--whole-archive)
zephyr/libzephyr.a(ipc_service.c.obj)
                              (--whole-archive)
zephyr/libzephyr.a(ipc_rpmsg_static_vrings.c.obj)
                              (--whole-archive)
zephyr/libzephyr.a(ipc_rpmsg.c.obj)
                              (--whole-archive)
zephyr/libzephyr.a(ipc_static_vrings.c.obj)
                              (--whole-archive)
zephyr/libzephyr.a(log_core.c.obj)
                              (--whole-archive)
zephyr/libzephyr.a(log_mgmt.c.obj)
                              (--whole-archive)
zephyr/libzephyr.a(log_cache.c.obj)
                              (--whole-archive)
zephyr/libzephyr.a(log_msg.c.obj)
                              (--whole-archive)
zephyr/libzephyr.a(log_output.c.obj)
                              (--whole-archive)
zephyr/libzephyr.a(log_backend_uart.c.obj)
                              (--whole-archive)
zephyr/libzephyr.a(tracing_none.c.obj)
                              (--whole-archive)
zephyr/libzephyr.a(addr_utils.c.obj)
                              (--whole-archive)
zephyr/libzephyr.a(flash_map_partition_manager.c.obj)
                              (--whole-archive)
zephyr/libzephyr.a(utils.c.obj)
                              (--whole-archive)
zephyr/libzephyr.a(aes_decrypt.c.obj)
                              (--whole-archive)
zephyr/libzephyr.a(aes_encrypt.c.obj)
                              (--whole-archive)
zephyr/libzephyr.a(cmac_mode.c.obj)
                              (--whole-archive)
zephyr/libzephyr.a(sha256.c.obj)
                              (--whole-archive)
zephyr/libzephyr.a(hmac.c.obj)
                              (--whole-archive)
zephyr/libzephyr.a(hmac_prng.c.obj)
                              (--whole-archive)
zephyr/libzephyr.a(nrf_cc3xx_platform_abort_zephyr.c.obj)
                              (--whole-archive)
zephyr/libzephyr.a(nrf_cc3xx_platform_mutex_zephyr.c.obj)
                              (--whole-archive)
zephyr/arch/common/libarch__common.a(sw_isr_common.c.obj)
                              (--whole-archive)
zephyr/arch/arch/arm/core/aarch32/libarch__arm__core__aarch32.a(cpu_idle.S.obj)
                              (--whole-archive)
zephyr/arch/arch/arm/core/aarch32/libarch__arm__core__aarch32.a(fatal.c.obj)
                              (--whole-archive)
zephyr/arch/arch/arm/core/aarch32/libarch__arm__core__aarch32.a(irq_manage.c.obj)
                              (--whole-archive)
zephyr/arch/arch/arm/core/aarch32/libarch__arm__core__aarch32.a(nmi.c.obj)
                              (--whole-archive)
zephyr/arch/arch/arm/core/aarch32/libarch__arm__core__aarch32.a(nmi_on_reset.S.obj)
                              (--whole-archive)
zephyr/arch/arch/arm/core/aarch32/libarch__arm__core__aarch32.a(prep_c.c.obj)
[...]
Memory Configuration

Name             Origin             Length             Attributes
FLASH            0x0000000000000000 0x0000000000100000 xr
RAM              0x0000000020000000 0x0000000000070000 xw
IDT_LIST         0x00000000fffff7ff 0x0000000000000800 xw
*default*        0x0000000000000000 0xffffffffffffffff

Linker script and memory map

                0x0000000000012cd0                vfprintf = __i_vfprintf
                0x0000000000000000                vfscanf = __i_vfscanf
LOAD zephyr/CMakeFiles/zephyr_final.dir/misc/empty_file.c.obj
LOAD zephyr/CMakeFiles/zephyr_final.dir/isr_tables.c.obj
LOAD app/libapp.a
LOAD zephyr/libzephyr.a
LOAD zephyr/arch/common/libarch__common.a
LOAD zephyr/arch/arch/arm/core/aarch32/libarch__arm__core__aarch32.a
LOAD zephyr/arch/arch/arm/core/aarch32/cortex_m/libarch__arm__core__aarch32__cortex_m.a
LOAD zephyr/arch/arch/arm/core/aarch32/cortex_m/cmse/libarch__arm__core__aarch32__cortex_m__cmse.a
LOAD zephyr/arch/arch/arm/core/aarch32/mpu/libarch__arm__core__aarch32__mpu.a
LOAD zephyr/lib/libc/picolibc/liblib__libc__picolibc.a
LOAD zephyr/lib/libc/common/liblib__libc__common.a
LOAD zephyr/soc/soc/arm/common/cortex_m/libsoc__arm__common__cortex_m.a
LOAD zephyr/boards/arm/nrf5340dk_nrf5340/libboards__arm__nrf5340dk_nrf5340.a
LOAD zephyr/subsys/bluetooth/common/libsubsys__bluetooth__common.a
LOAD zephyr/subsys/bluetooth/host/libsubsys__bluetooth__host.a
LOAD zephyr/subsys/net/libsubsys__net.a
LOAD zephyr/drivers/bluetooth/libdrivers__bluetooth.a
LOAD zephyr/drivers/clock_control/libdrivers__clock_control.a
LOAD zephyr/drivers/console/libdrivers__console.a
LOAD zephyr/drivers/gpio/libdrivers__gpio.a
LOAD zephyr/drivers/mbox/libdrivers__mbox.a
LOAD zephyr/drivers/pinctrl/libdrivers__pinctrl.a
LOAD zephyr/drivers/serial/libdrivers__serial.a
LOAD zephyr/drivers/timer/libdrivers__timer.a
LOAD modules/nrf/lib/dk_buttons_and_leds/lib..__nrf__lib__dk_buttons_and_leds.a
LOAD modules/nrf/lib/fatal_error/lib..__nrf__lib__fatal_error.a
LOAD modules/nrf/drivers/hw_cc310/lib..__nrf__drivers__hw_cc310.a
LOAD modules/hal_nordic/nrfx/libmodules__hal_nordic__nrfx.a
LOAD modules/libmetal/libmetal/lib/libmetal.a
LOAD modules/open-amp/open-amp/lib/libopen_amp.a
LOAD zephyr/kernel/libkernel.a
LOAD zephyr/CMakeFiles/offsets.dir/./arch/arm/core/offsets/offsets.c.obj
LOAD c:/ncs/toolchains/c57af46cb7/opt/zephyr-sdk/arm-zephyr-eabi/bin/../lib/gcc/arm-zephyr-eabi/12.2.0/thumb/v8-m.main/nofp\libgcc.a
LOAD zephyr/arch/common/libisr_tables.a
LOAD C:/ncs/v2.5.0/nrfxlib/crypto/nrf_cc312_platform/lib/cortex-m33/soft-float/no-interrupts/libnrf_cc312_platform_0.9.18.a
LOAD c:\ncs\toolchains\c57af46cb7\opt\zephyr-sdk\arm-zephyr-eabi\bin\../lib/gcc/../../picolibc/arm-zephyr-eabi/lib/thumb/v8-m.main/nofp\libc.a
LOAD c:/ncs/toolchains/c57af46cb7/opt/zephyr-sdk/arm-zephyr-eabi/bin/../lib/gcc/arm-zephyr-eabi/12.2.0/thumb/v8-m.main/nofp\libgcc.a
                0x0000000000000020                _region_min_align = 0x20

.rel.plt        0x0000000000000000        0x0
 *(SORT_BY_ALIGNMENT(.rel.plt))
                [!provide]                        PROVIDE (__rel_iplt_start = .)
 *(SORT_BY_ALIGNMENT(.rel.iplt))
 .rel.iplt      0x0000000000000000        0x0 zephyr/CMakeFiles/zephyr_final.dir/isr_tables.c.obj
                [!provide]                        PROVIDE (__rel_iplt_end = .)

.rela.plt       0x0000000000000000        0x0
 *(SORT_BY_ALIGNMENT(.rela.plt))
                [!provide]                        PROVIDE (__rela_iplt_start = .)
 *(SORT_BY_ALIGNMENT(.rela.iplt))
                [!provide]                        PROVIDE (__rela_iplt_end = .)

.rel.dyn
 *(SORT_BY_ALIGNMENT(.rel.*))

.rela.dyn
 *(SORT_BY_ALIGNMENT(.rela.*))

/DISCARD/
 *(SORT_BY_ALIGNMENT(.plt))

/DISCARD/
 *(SORT_BY_ALIGNMENT(.iplt))
                0x0000000000000000                __rom_region_start = 0x0

rom_start       0x0000000000000000      0x154
                0x0000000000000000                __rom_start_address = .
                0x0000000000000000                . = (. + (0x0 - (. - __rom_start_address)))
                0x0000000000000000                . = ALIGN (0x4)
                0x0000000000000000                . = ALIGN (0x80)
                0x0000000000000000                . = ALIGN (0x200)
                0x0000000000000000                _vector_start = .
 *(SORT_BY_ALIGNMENT(.exc_vector_table))
 *(SORT_BY_ALIGNMENT(.exc_vector_table.*))
 .exc_vector_table._vector_table_section
                0x0000000000000000       0x40 zephyr/arch/arch/arm/core/aarch32/cortex_m/libarch__arm__core__aarch32__cortex_m.a(vector_table.S.obj)
                0x0000000000000000                _vector_table
 *(SORT_BY_ALIGNMENT(.vectors))
                0x0000000000000154                _vector_end = .
                0x0000000000000040                . = ALIGN (0x4)
 *(SORT_BY_ALIGNMENT(.gnu.linkonce.irq_vector_table*))
 .gnu.linkonce.irq_vector_table
                0x0000000000000040      0x114 zephyr/CMakeFiles/zephyr_final.dir/isr_tables.c.obj
                0x0000000000000040                _irq_vector_table
                0x0000000000000154                _vector_end = .

text            0x0000000000000154    0x16c84
                0x0000000000000154                __text_region_start = .
 *(SORT_BY_ALIGNMENT(.text))
 .text          0x0000000000000154       0x30 c:/ncs/toolchains/c57af46cb7/opt/zephyr-sdk/arm-zephyr-eabi/bin/../lib/gcc/arm-zephyr-eabi/12.2.0/thumb/v8-m.main/nofp\libgcc.a(_aeabi_uldivmod.o)
                0x0000000000000154                __aeabi_uldivmod
 .text          0x0000000000000184        0x4 c:/ncs/toolchains/c57af46cb7/opt/zephyr-sdk/arm-zephyr-eabi/bin/../lib/gcc/arm-zephyr-eabi/12.2.0/thumb/v8-m.main/nofp\libgcc.a(_dvmd_tls.o)
                0x0000000000000184                __aeabi_idiv0
                0x0000000000000184                __aeabi_ldiv0
 .text          0x0000000000000188      0x29c c:/ncs/toolchains/c57af46cb7/opt/zephyr-sdk/arm-zephyr-eabi/bin/../lib/gcc/arm-zephyr-eabi/12.2.0/thumb/v8-m.main/nofp\libgcc.a(_udivmoddi4.o)
                0x0000000000000188                __udivmoddi4
 .text          0x0000000000000424       0x14 c:\ncs\toolchains\c57af46cb7\opt\zephyr-sdk\arm-zephyr-eabi\bin\../lib/gcc/../../picolibc/arm-zephyr-eabi/lib/thumb/v8-m.main/nofp\libc.a(strcmp.S.o)
                0x0000000000000424                strcmp
 .text          0x0000000000000438       0x10 c:\ncs\toolchains\c57af46cb7\opt\zephyr-sdk\arm-zephyr-eabi\bin\../lib/gcc/../../picolibc/arm-zephyr-eabi/lib/thumb/v8-m.main/nofp\libc.a(strcpy.S.o)
                0x0000000000000438                strcpy
 .text          0x0000000000000448       0x10 c:\ncs\toolchains\c57af46cb7\opt\zephyr-sdk\arm-zephyr-eabi\bin\../lib/gcc/../../picolibc/arm-zephyr-eabi/lib/thumb/v8-m.main/nofp\libc.a(strlen.S.o)
                0x0000000000000448                strlen
 *(SORT_BY_ALIGNMENT(.text.*))
 .text.button_handler.part.0
                0x0000000000000458       0x40 app/libapp.a(main.c.obj)
 .text.main     0x0000000000000498       0xf8 app/libapp.a(main.c.obj)
                0x0000000000000498                main
 .text.bt_ready
                0x0000000000000590       0x3c app/libapp.a(remote.c.obj)
                0x0000000000000590                bt_ready
 .text.bluetooth_init
                0x00000000000005cc       0x74 app/libapp.a(remote.c.obj)
                0x00000000000005cc                bluetooth_init
 .text.cbvprintf_package
                0x0000000000000640      0x42c zephyr/libzephyr.a(cbprintf_packaged.c.obj)
                0x0000000000000640                cbvprintf_package
 .text.cbprintf_package_convert
                0x0000000000000a6c      0x45c zephyr/libzephyr.a(cbprintf_packaged.c.obj)
                0x0000000000000a6c                cbprintf_package_convert
 .text.__printk_hook_install
                0x0000000000000ec8        0xc zephyr/libzephyr.a(printk.c.obj)
                0x0000000000000ec8                __printk_hook_install
 .text.z_thread_entry
                0x0000000000000ed4       0x34 zephyr/libzephyr.a(thread_entry.c.obj)
                0x0000000000000ed4                z_thread_entry
 .text.sys_heap_free
                0x0000000000000f08       0x9c zephyr/libzephyr.a(heap.c.obj)
                0x0000000000000f08                sys_heap_free
 .text.sys_heap_aligned_alloc
                0x0000000000000fa4      0x118 zephyr/libzephyr.a(heap.c.obj)
                0x0000000000000fa4                sys_heap_aligned_alloc
 .text.sys_heap_init
                0x00000000000010bc      0x134 zephyr/libzephyr.a(heap.c.obj)
                0x00000000000010bc                sys_heap_init
 .text.process_event
                0x00000000000011f0      0x3a8 zephyr/libzephyr.a(onoff.c.obj)
 .text.transition_complete
                0x0000000000001598       0x64 zephyr/libzephyr.a(onoff.c.obj)
 .text.onoff_request
                0x00000000000015fc      0x130 zephyr/libzephyr.a(onoff.c.obj)
                0x00000000000015fc                onoff_request
 .text.sys_notify_finalize
                0x000000000000172c       0x58 zephyr/libzephyr.a(notify.c.obj)
                0x000000000000172c                sys_notify_finalize
 .text.mpsc_pbuf_init
                0x0000000000001784       0x64 zephyr/libzephyr.a(mpsc_pbuf.c.obj)
                0x0000000000001784                mpsc_pbuf_init
 .text.mpsc_pbuf_alloc
                0x00000000000017e8      0x180 zephyr/libzephyr.a(mpsc_pbuf.c.obj)
                0x00000000000017e8                mpsc_pbuf_alloc
 .text.mpsc_pbuf_commit
                0x0000000000001968       0xac zephyr/libzephyr.a(mpsc_pbuf.c.obj)
                0x0000000000001968                mpsc_pbuf_commit
 .text.mpsc_pbuf_claim
                0x0000000000001a14      0x110 zephyr/libzephyr.a(mpsc_pbuf.c.obj)
                0x0000000000001a14                mpsc_pbuf_claim
 .text.mpsc_pbuf_free
                0x0000000000001b24       0xe0 zephyr/libzephyr.a(mpsc_pbuf.c.obj)
                0x0000000000001b24                mpsc_pbuf_free
 .text.sys_reboot
                0x0000000000001c04       0x30 zephyr/libzephyr.a(reboot.c.obj)
                0x0000000000001c04                sys_reboot
 .text.nrf_gpio_pin_control_select
                0x0000000000001c34       0x6c zephyr/libzephyr.a(soc.c.obj)
 .text.nordicsemi_nrf53_init
                0x0000000000001ca0       0x5c zephyr/libzephyr.a(soc.c.obj)
 .text.rtc_pretick_init
                0x0000000000001cfc       0x60 zephyr/libzephyr.a(soc.c.obj)
 .text.z_arm_on_enter_cpu_idle
                0x0000000000001d5c       0x64 zephyr/libzephyr.a(soc.c.obj)
                0x0000000000001d5c                z_arm_on_enter_cpu_idle
 .text.arch_busy_wait
                0x0000000000001dc0       0x24 zephyr/libzephyr.a(soc.c.obj)
                0x0000000000001dc0                arch_busy_wait
 .text.ppi_ipc_to_rtc.isra.0
                0x0000000000001de4       0x5c zephyr/libzephyr.a(sync_rtc.c.obj)
 .text.sync_rtc_setup
                0x0000000000001e40       0xb8 zephyr/libzephyr.a(sync_rtc.c.obj)
 .text.rtc_cb   0x0000000000001ef8       0x8c zephyr/libzephyr.a(sync_rtc.c.obj)
 .text.mbox_callback
                0x0000000000001f84       0xb4 zephyr/libzephyr.a(sync_rtc.c.obj)
 .text.z_arm_platform_init
                0x0000000000002038        0x4 zephyr/libzephyr.a(soc_nrf_common.S.obj)
                0x0000000000002038                z_arm_platform_init
 .text.ipc_service_open_instance
                0x000000000000203c       0x5c zephyr/libzephyr.a(ipc_service.c.obj)
                0x000000000000203c                ipc_service_open_instance
 .text.ipc_service_register_endpoint
                0x0000000000002098       0x64 zephyr/libzephyr.a(ipc_service.c.obj)
                0x0000000000002098                ipc_service_register_endpoint
 .text.ipc_service_send
                0x00000000000020fc       0x84 zephyr/libzephyr.a(ipc_service.c.obj)
                0x00000000000020fc                ipc_service_send
 .text.shared_memory_prepare
                0x0000000000002180        0xc zephyr/libzephyr.a(ipc_rpmsg_static_vrings.c.obj)
 .text.advertise_ept
                0x000000000000218c       0x44 zephyr/libzephyr.a(ipc_rpmsg_static_vrings.c.obj)
 .text.get_ept  0x00000000000021d0       0x28 zephyr/libzephyr.a(ipc_rpmsg_static_vrings.c.obj)
 .text.open     0x00000000000021f8      0x1b0 zephyr/libzephyr.a(ipc_rpmsg_static_vrings.c.obj)
 .text.bound_cb
                0x00000000000023a8       0x30 zephyr/libzephyr.a(ipc_rpmsg_static_vrings.c.obj)
 .text.send     0x00000000000023d8       0x4c zephyr/libzephyr.a(ipc_rpmsg_static_vrings.c.obj)
 .text.register_ept
                0x0000000000002424       0xe0 zephyr/libzephyr.a(ipc_rpmsg_static_vrings.c.obj)
 .text.ns_bind_cb
                0x0000000000002504       0x6c zephyr/libzephyr.a(ipc_rpmsg.c.obj)
 .text.ipc_rpmsg_register_ept
                0x0000000000002570       0x3c zephyr/libzephyr.a(ipc_rpmsg.c.obj)
                0x0000000000002570                ipc_rpmsg_register_ept
 .text.ipc_rpmsg_init
                0x00000000000025ac       0x70 zephyr/libzephyr.a(ipc_rpmsg.c.obj)
                0x00000000000025ac                ipc_rpmsg_init
 .text.ipc_static_vrings_init
                0x000000000000261c      0x104 zephyr/libzephyr.a(ipc_static_vrings.c.obj)
                0x000000000000261c                ipc_static_vrings_init
 .text.enable_logger
                0x0000000000002720       0x5c zephyr/libzephyr.a(log_core.c.obj)
 .text.activate_foreach_backend
                0x000000000000277c       0x64 zephyr/libzephyr.a(log_core.c.obj)
 .text.z_log_init
                0x00000000000027e0       0xe0 zephyr/libzephyr.a(log_core.c.obj)
 .text.log_process_thread_timer_expiry_fn
                0x00000000000028c0        0xc zephyr/libzephyr.a(log_core.c.obj)
 .text.log_format_func_t_get
                0x00000000000028cc        0xc zephyr/libzephyr.a(log_core.c.obj)
                0x00000000000028cc                log_format_func_t_get
 .text.log_set_timestamp_func
                0x00000000000028d8       0x20 zephyr/libzephyr.a(log_core.c.obj)
                0x00000000000028d8                log_set_timestamp_func
 .text.z_log_notify_backend_enabled
                0x00000000000028f8       0x1c zephyr/libzephyr.a(log_core.c.obj)
                0x00000000000028f8                z_log_notify_backend_enabled
 .text.z_log_dropped
                0x0000000000002914       0x28 zephyr/libzephyr.a(log_core.c.obj)
                0x0000000000002914                z_log_dropped
 .text.z_log_dropped_read_and_clear
                0x000000000000293c       0x18 zephyr/libzephyr.a(log_core.c.obj)
                0x000000000000293c                z_log_dropped_read_and_clear
 .text.dropped_notify
                0x0000000000002954       0x60 zephyr/libzephyr.a(log_core.c.obj)
                0x0000000000002954                dropped_notify
 .text.z_log_msg_init
                0x00000000000029b4       0x20 zephyr/libzephyr.a(log_core.c.obj)
                0x00000000000029b4                z_log_msg_init
 .text.log_core_init
                0x00000000000029d4       0x34 zephyr/libzephyr.a(log_core.c.obj)
                0x00000000000029d4                log_core_init
 .text.z_log_msg_alloc
                0x0000000000002a08       0x10 zephyr/libzephyr.a(log_core.c.obj)
                0x0000000000002a08                z_log_msg_alloc
 .text.z_log_msg_local_claim
                0x0000000000002a18        0xc zephyr/libzephyr.a(log_core.c.obj)
                0x0000000000002a18                z_log_msg_local_claim
 .text.z_log_msg_free
                0x0000000000002a24       0x10 zephyr/libzephyr.a(log_core.c.obj)
                0x0000000000002a24                z_log_msg_free
 .text.z_log_msg_pending
                0x0000000000002a34        0xc zephyr/libzephyr.a(log_core.c.obj)
                0x0000000000002a34                z_log_msg_pending
 .text.z_impl_log_process
                0x0000000000002a40       0xe4 zephyr/libzephyr.a(log_core.c.obj)
                0x0000000000002a40                z_impl_log_process
 .text.z_impl_log_panic
                0x0000000000002b24       0x74 zephyr/libzephyr.a(log_core.c.obj)
                0x0000000000002b24                z_impl_log_panic
 .text.log_process_thread_func
                0x0000000000002b98       0xf4 zephyr/libzephyr.a(log_core.c.obj)
 .text.z_log_msg_post_finalize
                0x0000000000002c8c       0xe0 zephyr/libzephyr.a(log_core.c.obj)
 .text.z_log_msg_commit
                0x0000000000002d6c       0x24 zephyr/libzephyr.a(log_core.c.obj)
                0x0000000000002d6c                z_log_msg_commit
 .text.log_source_name_get
                0x0000000000002d90       0x1c zephyr/libzephyr.a(log_mgmt.c.obj)
                0x0000000000002d90                log_source_name_get
 .text.log_backend_enable
                0x0000000000002dac       0x4c zephyr/libzephyr.a(log_mgmt.c.obj)
                0x0000000000002dac                log_backend_enable
 .text.z_impl_z_log_msg_static_create
                0x0000000000002df8      0x128 zephyr/libzephyr.a(log_msg.c.obj)
                0x0000000000002df8                z_impl_z_log_msg_static_create
 .text.z_impl_z_log_msg_runtime_vcreate
                0x0000000000002f20       0xc0 zephyr/libzephyr.a(log_msg.c.obj)
                0x0000000000002f20                z_impl_z_log_msg_runtime_vcreate
 .text.print_formatted
                0x0000000000002fe0       0x24 zephyr/libzephyr.a(log_output.c.obj)
 .text.newline_print
                0x0000000000003004       0x1c zephyr/libzephyr.a(log_output.c.obj)
 .text.out_func
                0x0000000000003020       0x58 zephyr/libzephyr.a(log_output.c.obj)
 .text.log_output_process
                0x0000000000003078      0x2f8 zephyr/libzephyr.a(log_output.c.obj)
                0x0000000000003078                log_output_process
 .text.log_output_msg_process
                0x0000000000003370       0x70 zephyr/libzephyr.a(log_output.c.obj)
                0x0000000000003370                log_output_msg_process
 .text.log_output_dropped_process
                0x00000000000033e0       0x58 zephyr/libzephyr.a(log_output.c.obj)
                0x00000000000033e0                log_output_dropped_process
 .text.log_output_timestamp_freq_set
                0x0000000000003438       0x2c zephyr/libzephyr.a(log_output.c.obj)
                0x0000000000003438                log_output_timestamp_freq_set
 .text.format_set
                0x0000000000003464        0xc zephyr/libzephyr.a(log_backend_uart.c.obj)
 .text.panic    0x0000000000003470       0x14 zephyr/libzephyr.a(log_backend_uart.c.obj)
 .text.dropped  0x0000000000003484        0xc zephyr/libzephyr.a(log_backend_uart.c.obj)
 .text.process  0x0000000000003490       0x24 zephyr/libzephyr.a(log_backend_uart.c.obj)
 .text.char_out
                0x00000000000034b4       0x24 zephyr/libzephyr.a(log_backend_uart.c.obj)
 .text.log_backend_uart_init
                0x00000000000034d8       0x30 zephyr/libzephyr.a(log_backend_uart.c.obj)
 .text.sub_bytes
                0x0000000000003508       0x18 zephyr/libzephyr.a(aes_encrypt.c.obj)
 .text.tc_aes128_set_encrypt_key
                0x0000000000003520       0xa8 zephyr/libzephyr.a(aes_encrypt.c.obj)
                0x0000000000003520                tc_aes128_set_encrypt_key
 .text.compress
                0x00000000000035c8      0x1d4 zephyr/libzephyr.a(sha256.c.obj)
 .text.tc_sha256_init
                0x000000000000379c       0x58 zephyr/libzephyr.a(sha256.c.obj)
                0x000000000000379c                tc_sha256_init
 .text.nrf_cc3xx_platform_abort_init
                0x00000000000037f4        0xc zephyr/libzephyr.a(nrf_cc3xx_platform_abort_zephyr.c.obj)
                0x00000000000037f4                nrf_cc3xx_platform_abort_init
 .text.mutex_free_platform
                0x0000000000003800       0x54 zephyr/libzephyr.a(nrf_cc3xx_platform_mutex_zephyr.c.obj)
 .text.mutex_lock_platform
                0x0000000000003854       0x74 zephyr/libzephyr.a(nrf_cc3xx_platform_mutex_zephyr.c.obj)
 .text.mutex_unlock_platform
                0x00000000000038c8       0x68 zephyr/libzephyr.a(nrf_cc3xx_platform_mutex_zephyr.c.obj)
 .text.mutex_init_platform
                0x0000000000003930       0x94 zephyr/libzephyr.a(nrf_cc3xx_platform_mutex_zephyr.c.obj)
 .text.nrf_cc3xx_platform_mutex_init
                0x00000000000039c4       0x2c zephyr/libzephyr.a(nrf_cc3xx_platform_mutex_zephyr.c.obj)
                0x00000000000039c4                nrf_cc3xx_platform_mutex_init
 .text.z_arm_cpu_idle_init
                0x00000000000039f0        0xc zephyr/arch/arch/arm/core/aarch32/libarch__arm__core__aarch32.a(cpu_idle.S.obj)
                0x00000000000039f0                z_arm_cpu_idle_init
 .text.arch_cpu_idle
                0x00000000000039fc       0x28 zephyr/arch/arch/arm/core/aarch32/libarch__arm__core__aarch32.a(cpu_idle.S.obj)
                0x00000000000039fc                arch_cpu_idle
 .text.arch_cpu_atomic_idle
                0x0000000000003a24       0x24 zephyr/arch/arch/arm/core/aarch32/libarch__arm__core__aarch32.a(cpu_idle.S.obj)
                0x0000000000003a24                arch_cpu_atomic_idle
 .text.z_arm_fatal_error
                0x0000000000003a48       0xcc zephyr/arch/arch/arm/core/aarch32/libarch__arm__core__aarch32.a(fatal.c.obj)
                0x0000000000003a48                z_arm_fatal_error
 .text.arch_irq_enable
                0x0000000000003b14       0x1c zephyr/arch/arch/arm/core/aarch32/libarch__arm__core__aarch32.a(irq_manage.c.obj)
                0x0000000000003b14                arch_irq_enable
 .text.arch_irq_disable
                0x0000000000003b30       0x28 zephyr/arch/arch/arm/core/aarch32/libarch__arm__core__aarch32.a(irq_manage.c.obj)
                0x0000000000003b30                arch_irq_disable
 .text.arch_irq_is_enabled
                0x0000000000003b58       0x1c zephyr/arch/arch/arm/core/aarch32/libarch__arm__core__aarch32.a(irq_manage.c.obj)
                0x0000000000003b58                arch_irq_is_enabled
 .text.z_arm_irq_priority_set
                0x0000000000003b74       0x64 zephyr/arch/arch/arm/core/aarch32/libarch__arm__core__aarch32.a(irq_manage.c.obj)
                0x0000000000003b74                z_arm_irq_priority_set
 .text.z_SysNmiOnReset
                0x0000000000003bd8        0x8 zephyr/arch/arch/arm/core/aarch32/libarch__arm__core__aarch32.a(nmi_on_reset.S.obj)
                0x0000000000003bd8                z_SysNmiOnReset
 .text.z_arm_prep_c
                0x0000000000003be0       0x38 zephyr/arch/arch/arm/core/aarch32/libarch__arm__core__aarch32.a(prep_c.c.obj)
                0x0000000000003be0                z_arm_prep_c
 .text.arch_swap
                0x0000000000003c18       0x34 zephyr/arch/arch/arm/core/aarch32/libarch__arm__core__aarch32.a(swap.c.obj)
                0x0000000000003c18                arch_swap
 .text.z_arm_pendsv
                0x0000000000003c4c       0x68 zephyr/arch/arch/arm/core/aarch32/libarch__arm__core__aarch32.a(swap_helper.S.obj)
                0x0000000000003c4c                z_arm_pendsv
 .text.z_arm_svc
                0x0000000000003cb4       0x20 zephyr/arch/arch/arm/core/aarch32/libarch__arm__core__aarch32.a(swap_helper.S.obj)
                0x0000000000003cb4                z_arm_svc
 .text.arch_new_thread
                0x0000000000003cd4       0x38 zephyr/arch/arch/arm/core/aarch32/libarch__arm__core__aarch32.a(thread.c.obj)
                0x0000000000003cd4                arch_new_thread
 .text.arch_switch_to_main_thread
                0x0000000000003d0c       0x34 zephyr/arch/arch/arm/core/aarch32/libarch__arm__core__aarch32.a(thread.c.obj)
                0x0000000000003d0c                arch_switch_to_main_thread
 .text._isr_wrapper
                0x0000000000003d40       0x28 zephyr/arch/arch/arm/core/aarch32/libarch__arm__core__aarch32.a(isr_wrapper.S.obj)
                0x0000000000003d40                _isr_wrapper
 .text.arch_tls_stack_setup
                0x0000000000003d68       0x5c zephyr/arch/arch/arm/core/aarch32/libarch__arm__core__aarch32.a(tls.c.obj)
                0x0000000000003d68                arch_tls_stack_setup
 .text._HandlerModeExit
                0x0000000000003dc4       0x1c zephyr/arch/arch/arm/core/aarch32/cortex_m/libarch__arm__core__aarch32__cortex_m.a(exc_exit.S.obj)
                0x0000000000003dc4                z_arm_int_exit
                0x0000000000003dc4                z_arm_exc_exit
 .text.mem_manage_fault.constprop.0
                0x0000000000003de0      0x180 zephyr/arch/arch/arm/core/aarch32/cortex_m/libarch__arm__core__aarch32__cortex_m.a(fault.c.obj)
 .text.bus_fault.constprop.0
                0x0000000000003f60      0x154 zephyr/arch/arch/arm/core/aarch32/cortex_m/libarch__arm__core__aarch32__cortex_m.a(fault.c.obj)
 .text.usage_fault.constprop.0
                0x00000000000040b4      0x128 zephyr/arch/arch/arm/core/aarch32/cortex_m/libarch__arm__core__aarch32__cortex_m.a(fault.c.obj)
 .text.z_arm_fault
                0x00000000000041dc      0x28c zephyr/arch/arch/arm/core/aarch32/cortex_m/libarch__arm__core__aarch32__cortex_m.a(fault.c.obj)
                0x00000000000041dc                z_arm_fault
 .text.z_arm_fault_init
                0x0000000000004468       0x18 zephyr/arch/arch/arm/core/aarch32/cortex_m/libarch__arm__core__aarch32__cortex_m.a(fault.c.obj)
                0x0000000000004468                z_arm_fault_init
 .text.__fault  0x0000000000004480       0x14 zephyr/arch/arch/arm/core/aarch32/cortex_m/libarch__arm__core__aarch32__cortex_m.a(fault_s.S.obj)
                0x0000000000004480                z_arm_usage_fault
                0x0000000000004480                z_arm_mpu_fault
                0x0000000000004480                z_arm_exc_spurious
                0x0000000000004480                z_arm_debug_monitor
                0x0000000000004480                z_arm_hard_fault
                0x0000000000004480                z_arm_bus_fault
 .text.z_arm_interrupt_init
                0x0000000000004494       0x18 zephyr/arch/arch/arm/core/aarch32/cortex_m/libarch__arm__core__aarch32__cortex_m.a(irq_init.c.obj)
                0x0000000000004494                z_arm_interrupt_init
 .text._reset_section
                0x00000000000044ac       0x60 zephyr/arch/arch/arm/core/aarch32/cortex_m/libarch__arm__core__aarch32__cortex_m.a(reset.S.obj)
                0x00000000000044ac                __start
                0x00000000000044ac                z_arm_reset
 .text.sys_arch_reboot
                0x000000000000450c       0x24 zephyr/arch/arch/arm/core/aarch32/cortex_m/libarch__arm__core__aarch32__cortex_m.a(scb.c.obj)
                0x000000000000450c                sys_arch_reboot
 .text.z_arm_clear_arm_mpu_config
                0x0000000000004530       0x24 zephyr/arch/arch/arm/core/aarch32/cortex_m/libarch__arm__core__aarch32__cortex_m.a(scb.c.obj)
                0x0000000000004530                z_arm_clear_arm_mpu_config
 .text.z_arm_init_arch_hw_at_boot
                0x0000000000004554       0x4c zephyr/arch/arch/arm/core/aarch32/cortex_m/libarch__arm__core__aarch32__cortex_m.a(scb.c.obj)
                0x0000000000004554                z_arm_init_arch_hw_at_boot
 .text.z_impl_k_thread_abort
                0x00000000000045a0       0x2c zephyr/arch/arch/arm/core/aarch32/cortex_m/libarch__arm__core__aarch32__cortex_m.a(thread_abort.c.obj)
                0x00000000000045a0                z_impl_k_thread_abort
 .text.z_arm_configure_static_mpu_regions
                0x00000000000045cc       0x38 zephyr/arch/arch/arm/core/aarch32/mpu/libarch__arm__core__aarch32__mpu.a(arm_core_mpu.c.obj)
                0x00000000000045cc                z_arm_configure_static_mpu_regions
 .text.region_init
                0x0000000000004604       0x34 zephyr/arch/arch/arm/core/aarch32/mpu/libarch__arm__core__aarch32__mpu.a(arm_mpu.c.obj)
 .text.region_allocate_and_init.part.0
                0x0000000000004638       0x30 zephyr/arch/arch/arm/core/aarch32/mpu/libarch__arm__core__aarch32__mpu.a(arm_mpu.c.obj)
 .text.mpu_configure_regions_and_partition.constprop.0
                0x0000000000004668      0x19c zephyr/arch/arch/arm/core/aarch32/mpu/libarch__arm__core__aarch32__mpu.a(arm_mpu.c.obj)
 .text.arm_core_mpu_enable
                0x0000000000004804       0x18 zephyr/arch/arch/arm/core/aarch32/mpu/libarch__arm__core__aarch32__mpu.a(arm_mpu.c.obj)
                0x0000000000004804                arm_core_mpu_enable
 .text.arm_core_mpu_disable
                0x000000000000481c       0x14 zephyr/arch/arch/arm/core/aarch32/mpu/libarch__arm__core__aarch32__mpu.a(arm_mpu.c.obj)
                0x000000000000481c                arm_core_mpu_disable
 .text.arm_core_mpu_configure_static_mpu_regions
                0x0000000000004830       0x48 zephyr/arch/arch/arm/core/aarch32/mpu/libarch__arm__core__aarch32__mpu.a(arm_mpu.c.obj)
                0x0000000000004830                arm_core_mpu_configure_static_mpu_regions
 .text.arm_core_mpu_mark_areas_for_dynamic_regions
                0x0000000000004878       0xe8 zephyr/arch/arch/arm/core/aarch32/mpu/libarch__arm__core__aarch32__mpu.a(arm_mpu.c.obj)
                0x0000000000004878                arm_core_mpu_mark_areas_for_dynamic_regions
 .text.z_arm_mpu_init
                0x0000000000004960       0xa8 zephyr/arch/arch/arm/core/aarch32/mpu/libarch__arm__core__aarch32__mpu.a(arm_mpu.c.obj)
                0x0000000000004960                z_arm_mpu_init
 .text.z_impl_zephyr_fputc
                0x0000000000004a08       0x10 zephyr/lib/libc/picolibc/liblib__libc__picolibc.a(libc-hooks.c.obj)
                0x0000000000004a08                z_impl_zephyr_fputc
 .text.__stdout_hook_install
                0x0000000000004a18       0x18 zephyr/lib/libc/picolibc/liblib__libc__picolibc.a(libc-hooks.c.obj)
                0x0000000000004a18                __stdout_hook_install
 .text.cbvprintf
                0x0000000000004a30       0x38 zephyr/lib/libc/picolibc/liblib__libc__picolibc.a(libc-hooks.c.obj)
                0x0000000000004a30                cbvprintf
 .text.malloc_prepare
                0x0000000000004a68       0x24 zephyr/lib/libc/common/liblib__libc__common.a(malloc.c.obj)
 .text.remoteproc_mgr_boot
                0x0000000000004a8c       0x68 zephyr/boards/arm/nrf5340dk_nrf5340/libboards__arm__nrf5340dk_nrf5340.a(nrf5340_cpunet_reset.c.obj)
 .text.bt_hex   0x0000000000004af4       0x44 zephyr/subsys/bluetooth/common/libsubsys__bluetooth__common.a(bt_str.c.obj)
                0x0000000000004af4                bt_hex
 .text.bt_addr_le_str
                0x0000000000004b38       0x7c zephyr/subsys/bluetooth/common/libsubsys__bluetooth__common.a(bt_str.c.obj)
                0x0000000000004b38                bt_addr_le_str
 .text.long_wq_init
                0x0000000000004bb4       0x38 zephyr/subsys/bluetooth/host/libsubsys__bluetooth__host.a(long_wq.c.obj)
 .text.bt_long_wq_schedule
                0x0000000000004bec        0xc zephyr/subsys/bluetooth/host/libsubsys__bluetooth__host.a(long_wq.c.obj)
                0x0000000000004bec                bt_long_wq_schedule
 .text.uuid_to_uuid128
                0x0000000000004bf8       0x78 zephyr/subsys/bluetooth/host/libsubsys__bluetooth__host.a(uuid.c.obj)
 .text.bt_buf_get_rx
                0x0000000000004c70       0x68 zephyr/subsys/bluetooth/host/libsubsys__bluetooth__host.a(buf.c.obj)
                0x0000000000004c70                bt_buf_get_rx
 .text.bt_buf_get_cmd_complete
                0x0000000000004cd8       0x38 zephyr/subsys/bluetooth/host/libsubsys__bluetooth__host.a(buf.c.obj)
                0x0000000000004cd8                bt_buf_get_cmd_complete
 .text.bt_buf_get_evt
                0x0000000000004d10       0x58 zephyr/subsys/bluetooth/host/libsubsys__bluetooth__host.a(buf.c.obj)
                0x0000000000004d10                bt_buf_get_evt
 .text.ver_str  0x0000000000004d68       0x3c zephyr/subsys/bluetooth/host/libsubsys__bluetooth__host.a(hci_core.c.obj)
 .text.hci_disconn_complete_prio
                0x0000000000004da4       0x40 zephyr/subsys/bluetooth/host/libsubsys__bluetooth__host.a(hci_core.c.obj)
 .text.find_pending_connect.part.0
                0x0000000000004de4       0x2c zephyr/subsys/bluetooth/host/libsubsys__bluetooth__host.a(hci_core.c.obj)
 .text.hci_data_buf_overflow
                0x0000000000004e10       0x30 zephyr/subsys/bluetooth/host/libsubsys__bluetooth__host.a(hci_core.c.obj)
 .text.le_conn_param_neg_reply.part.0
                0x0000000000004e40       0x24 zephyr/subsys/bluetooth/host/libsubsys__bluetooth__host.a(hci_core.c.obj)
 .text.rx_queue_put
                0x0000000000004e64       0x50 zephyr/subsys/bluetooth/host/libsubsys__bluetooth__host.a(hci_core.c.obj)
 .text.handle_event.part.0
                0x0000000000004eb4       0x48 zephyr/subsys/bluetooth/host/libsubsys__bluetooth__host.a(hci_core.c.obj)
 .text.hci_hardware_error
                0x0000000000004efc       0x34 zephyr/subsys/bluetooth/host/libsubsys__bluetooth__host.a(hci_core.c.obj)
 .text.hci_disconn_complete
                0x0000000000004f30       0x5c zephyr/subsys/bluetooth/host/libsubsys__bluetooth__host.a(hci_core.c.obj)
 .text.le_data_len_change
                0x0000000000004f8c       0x44 zephyr/subsys/bluetooth/host/libsubsys__bluetooth__host.a(hci_core.c.obj)
 .text.le_phy_update_complete
                0x0000000000004fd0       0x44 zephyr/subsys/bluetooth/host/libsubsys__bluetooth__host.a(hci_core.c.obj)
 .text.handle_event
                0x0000000000005014       0x60 zephyr/subsys/bluetooth/host/libsubsys__bluetooth__host.a(hci_core.c.obj)
 .text.rx_work_handler
                0x0000000000005074      0x1b8 zephyr/subsys/bluetooth/host/libsubsys__bluetooth__host.a(hci_core.c.obj)
 .text.hci_le_meta_event
                0x000000000000522c       0x20 zephyr/subsys/bluetooth/host/libsubsys__bluetooth__host.a(hci_core.c.obj)
 .text.le_remote_feat_complete
                0x000000000000524c       0x68 zephyr/subsys/bluetooth/host/libsubsys__bluetooth__host.a(hci_core.c.obj)
 .text.hci_cmd_done
                0x00000000000052b4      0x130 zephyr/subsys/bluetooth/host/libsubsys__bluetooth__host.a(hci_core.c.obj)
 .text.hci_cmd_status
                0x00000000000053e4       0x2c zephyr/subsys/bluetooth/host/libsubsys__bluetooth__host.a(hci_core.c.obj)
 .text.hci_cmd_complete
                0x0000000000005410       0x30 zephyr/subsys/bluetooth/host/libsubsys__bluetooth__host.a(hci_core.c.obj)
 .text.hci_num_completed_packets
                0x0000000000005440      0x154 zephyr/subsys/bluetooth/host/libsubsys__bluetooth__host.a(hci_core.c.obj)
 .text.le_conn_update_complete
                0x0000000000005594       0xd8 zephyr/subsys/bluetooth/host/libsubsys__bluetooth__host.a(hci_core.c.obj)
 .text.bt_hci_cmd_state_set_init
                0x000000000000566c       0x24 zephyr/subsys/bluetooth/host/libsubsys__bluetooth__host.a(hci_core.c.obj)
                0x000000000000566c                bt_hci_cmd_state_set_init
 .text.bt_hci_cmd_create
                0x0000000000005690       0x9c zephyr/subsys/bluetooth/host/libsubsys__bluetooth__host.a(hci_core.c.obj)
                0x0000000000005690                bt_hci_cmd_create
 .text.bt_hci_cmd_send_sync
                0x000000000000572c      0x104 zephyr/subsys/bluetooth/host/libsubsys__bluetooth__host.a(hci_core.c.obj)
                0x000000000000572c                bt_hci_cmd_send_sync
 .text.hci_le_read_max_data_len
                0x0000000000005830       0x50 zephyr/subsys/bluetooth/host/libsubsys__bluetooth__host.a(hci_core.c.obj)
 .text.bt_hci_le_rand
                0x0000000000005880       0x58 zephyr/subsys/bluetooth/host/libsubsys__bluetooth__host.a(hci_core.c.obj)
                0x0000000000005880                bt_hci_le_rand
 .text.bt_hci_le_enh_conn_complete
                0x00000000000058d8      0x2d8 zephyr/subsys/bluetooth/host/libsubsys__bluetooth__host.a(hci_core.c.obj)
                0x00000000000058d8                bt_hci_le_enh_conn_complete
 .text.le_legacy_conn_complete
                0x0000000000005bb0       0x64 zephyr/subsys/bluetooth/host/libsubsys__bluetooth__host.a(hci_core.c.obj)
 .text.bt_send  0x0000000000005c14       0x10 zephyr/subsys/bluetooth/host/libsubsys__bluetooth__host.a(hci_core.c.obj)
                0x0000000000005c14                bt_send
 .text.bt_hci_cmd_send
                0x0000000000005c24       0x6c zephyr/subsys/bluetooth/host/libsubsys__bluetooth__host.a(hci_core.c.obj)
                0x0000000000005c24                bt_hci_cmd_send
 .text.bt_hci_host_num_completed_packets
                0x0000000000005c90       0xf0 zephyr/subsys/bluetooth/host/libsubsys__bluetooth__host.a(hci_core.c.obj)
                0x0000000000005c90                bt_hci_host_num_completed_packets
 .text.le_conn_param_req
                0x0000000000005d80       0xc8 zephyr/subsys/bluetooth/host/libsubsys__bluetooth__host.a(hci_core.c.obj)
 .text.hci_tx_thread
                0x0000000000005e48      0x194 zephyr/subsys/bluetooth/host/libsubsys__bluetooth__host.a(hci_core.c.obj)
 .text.hci_event_prio
                0x0000000000005fdc       0xa4 zephyr/subsys/bluetooth/host/libsubsys__bluetooth__host.a(hci_core.c.obj)
                0x0000000000005fdc                hci_event_prio
 .text.bt_recv  0x0000000000006080       0x68 zephyr/subsys/bluetooth/host/libsubsys__bluetooth__host.a(hci_core.c.obj)
                0x0000000000006080                bt_recv
 .text.bt_hci_driver_register
                0x00000000000060e8       0x28 zephyr/subsys/bluetooth/host/libsubsys__bluetooth__host.a(hci_core.c.obj)
                0x00000000000060e8                bt_hci_driver_register
 .text.bt_finalize_init
                0x0000000000006110      0x134 zephyr/subsys/bluetooth/host/libsubsys__bluetooth__host.a(hci_core.c.obj)
                0x0000000000006110                bt_finalize_init
 .text.bt_init  0x0000000000006244      0x58c zephyr/subsys/bluetooth/host/libsubsys__bluetooth__host.a(hci_core.c.obj)
 .text.init_work
                0x00000000000067d0       0x18 zephyr/subsys/bluetooth/host/libsubsys__bluetooth__host.a(hci_core.c.obj)
 .text.bt_enable
                0x00000000000067e8      0x124 zephyr/subsys/bluetooth/host/libsubsys__bluetooth__host.a(hci_core.c.obj)
                0x00000000000067e8                bt_enable
 .text.bt_get_name
                0x000000000000690c        0x8 zephyr/subsys/bluetooth/host/libsubsys__bluetooth__host.a(hci_core.c.obj)
                0x000000000000690c                bt_get_name
 .text.id_find  0x0000000000006914       0x30 zephyr/subsys/bluetooth/host/libsubsys__bluetooth__host.a(id.c.obj)
 .text.id_create.constprop.0
                0x0000000000006944       0x5c zephyr/subsys/bluetooth/host/libsubsys__bluetooth__host.a(id.c.obj)
 .text.set_random_address
                0x00000000000069a0       0x50 zephyr/subsys/bluetooth/host/libsubsys__bluetooth__host.a(id.c.obj)
 .text.bt_id_create
                0x00000000000069f0       0xa8 zephyr/subsys/bluetooth/host/libsubsys__bluetooth__host.a(id.c.obj)
                0x00000000000069f0                bt_id_create
 .text.bt_id_read_public_addr
                0x0000000000006a98       0x84 zephyr/subsys/bluetooth/host/libsubsys__bluetooth__host.a(id.c.obj)
                0x0000000000006a98                bt_id_read_public_addr
 .text.bt_setup_public_id_addr
                0x0000000000006b1c       0x20 zephyr/subsys/bluetooth/host/libsubsys__bluetooth__host.a(id.c.obj)
                0x0000000000006b1c                bt_setup_public_id_addr
 .text.bt_read_static_addr
                0x0000000000006b3c       0xa8 zephyr/subsys/bluetooth/host/libsubsys__bluetooth__host.a(id.c.obj)
                0x0000000000006b3c                bt_read_static_addr
 .text.bt_setup_random_id_addr
                0x0000000000006be4       0x5c zephyr/subsys/bluetooth/host/libsubsys__bluetooth__host.a(id.c.obj)
                0x0000000000006be4                bt_setup_random_id_addr
 .text.bt_id_set_adv_own_addr
                0x0000000000006c40       0xe0 zephyr/subsys/bluetooth/host/libsubsys__bluetooth__host.a(id.c.obj)
                0x0000000000006c40                bt_id_set_adv_own_addr
 .text.bt_id_init
                0x0000000000006d20       0x60 zephyr/subsys/bluetooth/host/libsubsys__bluetooth__host.a(id.c.obj)
                0x0000000000006d20                bt_id_init
 .text.adv_is_directed
                0x0000000000006d80       0x18 zephyr/subsys/bluetooth/host/libsubsys__bluetooth__host.a(adv.c.obj)
 .text.le_adv_start_add_conn
                0x0000000000006d98       0x60 zephyr/subsys/bluetooth/host/libsubsys__bluetooth__host.a(adv.c.obj)
 .text.bt_le_adv_lookup_legacy
                0x0000000000006df8        0x8 zephyr/subsys/bluetooth/host/libsubsys__bluetooth__host.a(adv.c.obj)
                0x0000000000006df8                bt_le_adv_lookup_legacy
 .text.bt_le_adv_resume
                0x0000000000006e00       0xf4 zephyr/subsys/bluetooth/host/libsubsys__bluetooth__host.a(adv.c.obj)
                0x0000000000006e00                bt_le_adv_resume
 .text.prng_reseed.constprop.0
                0x0000000000006ef4       0x6c zephyr/subsys/bluetooth/host/libsubsys__bluetooth__host.a(crypto.c.obj)
 .text.prng_init
                0x0000000000006f60       0x50 zephyr/subsys/bluetooth/host/libsubsys__bluetooth__host.a(crypto.c.obj)
                0x0000000000006f60                prng_init
 .text.bt_rand  0x0000000000006fb0       0x3c zephyr/subsys/bluetooth/host/libsubsys__bluetooth__host.a(crypto.c.obj)
                0x0000000000006fb0                bt_rand
 .text.notify_connected
                0x0000000000006fec       0x6c zephyr/subsys/bluetooth/host/libsubsys__bluetooth__host.a(conn.c.obj)
 .text.tx_notify
                0x0000000000007058       0x60 zephyr/subsys/bluetooth/host/libsubsys__bluetooth__host.a(conn.c.obj)
 .text.conn_tx_destroy
                0x00000000000070b8       0x4c zephyr/subsys/bluetooth/host/libsubsys__bluetooth__host.a(conn.c.obj)
 .text.send_frag
                0x0000000000007104      0x1e8 zephyr/subsys/bluetooth/host/libsubsys__bluetooth__host.a(conn.c.obj)
 .text.bt_conn_get_pkts
                0x00000000000072ec       0x18 zephyr/subsys/bluetooth/host/libsubsys__bluetooth__host.a(conn.c.obj)
                0x00000000000072ec                bt_conn_get_pkts
 .text.bt_conn_new
                0x0000000000007304       0x5c zephyr/subsys/bluetooth/host/libsubsys__bluetooth__host.a(conn.c.obj)
                0x0000000000007304                bt_conn_new
 .text.conn_cleanup
                0x0000000000007360       0x94 zephyr/subsys/bluetooth/host/libsubsys__bluetooth__host.a(conn.c.obj)
 .text.bt_conn_recv
                0x00000000000073f4      0x138 zephyr/subsys/bluetooth/host/libsubsys__bluetooth__host.a(conn.c.obj)
                0x00000000000073f4                bt_conn_recv
 .text.bt_conn_send_cb
                0x000000000000752c      0x100 zephyr/subsys/bluetooth/host/libsubsys__bluetooth__host.a(conn.c.obj)
                0x000000000000752c                bt_conn_send_cb
 .text.bt_conn_prepare_events
                0x000000000000762c       0x94 zephyr/subsys/bluetooth/host/libsubsys__bluetooth__host.a(conn.c.obj)
                0x000000000000762c                bt_conn_prepare_events
 .text.bt_conn_ref
                0x00000000000076c0       0x50 zephyr/subsys/bluetooth/host/libsubsys__bluetooth__host.a(conn.c.obj)
                0x00000000000076c0                bt_conn_ref
 .text.bt_conn_unref
                0x0000000000007710       0x60 zephyr/subsys/bluetooth/host/libsubsys__bluetooth__host.a(conn.c.obj)
                0x0000000000007710                bt_conn_unref
 .text.bt_conn_set_state
                0x0000000000007770      0x204 zephyr/subsys/bluetooth/host/libsubsys__bluetooth__host.a(conn.c.obj)
                0x0000000000007770                bt_conn_set_state
 .text.bt_conn_lookup_handle
                0x0000000000007974       0x58 zephyr/subsys/bluetooth/host/libsubsys__bluetooth__host.a(conn.c.obj)
                0x0000000000007974                bt_conn_lookup_handle
 .text.bt_conn_index
                0x00000000000079cc       0x4c zephyr/subsys/bluetooth/host/libsubsys__bluetooth__host.a(conn.c.obj)
                0x00000000000079cc                bt_conn_index
 .text.bt_conn_create_pdu_timeout
                0x0000000000007a18       0x7c zephyr/subsys/bluetooth/host/libsubsys__bluetooth__host.a(conn.c.obj)
                0x0000000000007a18                bt_conn_create_pdu_timeout
 .text.notify_le_param_updated
                0x0000000000007a94       0xb8 zephyr/subsys/bluetooth/host/libsubsys__bluetooth__host.a(conn.c.obj)
                0x0000000000007a94                notify_le_param_updated
 .text.le_param_req
                0x0000000000007b4c       0xa4 zephyr/subsys/bluetooth/host/libsubsys__bluetooth__host.a(conn.c.obj)
                0x0000000000007b4c                le_param_req
 .text.bt_conn_add_le
                0x0000000000007bf0       0x38 zephyr/subsys/bluetooth/host/libsubsys__bluetooth__host.a(conn.c.obj)
                0x0000000000007bf0                bt_conn_add_le
 .text.bt_conn_lookup_addr_le
                0x0000000000007c28       0x34 zephyr/subsys/bluetooth/host/libsubsys__bluetooth__host.a(conn.c.obj)
                0x0000000000007c28                bt_conn_lookup_addr_le
 .text.bt_conn_exists_le
                0x0000000000007c5c       0x60 zephyr/subsys/bluetooth/host/libsubsys__bluetooth__host.a(conn.c.obj)
                0x0000000000007c5c                bt_conn_exists_le
 .text.bt_conn_lookup_state_le
                0x0000000000007cbc       0x44 zephyr/subsys/bluetooth/host/libsubsys__bluetooth__host.a(conn.c.obj)
                0x0000000000007cbc                bt_conn_lookup_state_le
 .text.send_conn_le_param_update
                0x0000000000007d00       0x68 zephyr/subsys/bluetooth/host/libsubsys__bluetooth__host.a(conn.c.obj)
 .text.deferred_work
                0x0000000000007d68      0x148 zephyr/subsys/bluetooth/host/libsubsys__bluetooth__host.a(conn.c.obj)
 .text.bt_conn_create_frag_timeout
                0x0000000000007eb0        0xc zephyr/subsys/bluetooth/host/libsubsys__bluetooth__host.a(conn.c.obj)
                0x0000000000007eb0                bt_conn_create_frag_timeout
 .text.bt_conn_process_tx
                0x0000000000007ebc      0x118 zephyr/subsys/bluetooth/host/libsubsys__bluetooth__host.a(conn.c.obj)
                0x0000000000007ebc                bt_conn_process_tx
 .text.bt_conn_init
                0x0000000000007fd4       0x44 zephyr/subsys/bluetooth/host/libsubsys__bluetooth__host.a(conn.c.obj)
                0x0000000000007fd4                bt_conn_init
 .text.l2cap_create_le_sig_pdu.part.0
                0x0000000000008018       0x2c zephyr/subsys/bluetooth/host/libsubsys__bluetooth__host.a(l2cap.c.obj)
 .text.l2cap_accept.part.0
                0x0000000000008044       0x30 zephyr/subsys/bluetooth/host/libsubsys__bluetooth__host.a(l2cap.c.obj)
 .text.l2cap_accept
                0x0000000000008074       0x1c zephyr/subsys/bluetooth/host/libsubsys__bluetooth__host.a(l2cap.c.obj)
 .text.bt_l2cap_connected
                0x0000000000008090       0xbc zephyr/subsys/bluetooth/host/libsubsys__bluetooth__host.a(l2cap.c.obj)
                0x0000000000008090                bt_l2cap_connected
 .text.l2cap_recv
                0x000000000000814c       0xec zephyr/subsys/bluetooth/host/libsubsys__bluetooth__host.a(l2cap.c.obj)
 .text.bt_l2cap_recv
                0x0000000000008238       0x7c zephyr/subsys/bluetooth/host/libsubsys__bluetooth__host.a(l2cap.c.obj)
                0x0000000000008238                bt_l2cap_recv
 .text.bt_l2cap_update_conn_param
                0x00000000000082b4       0x64 zephyr/subsys/bluetooth/host/libsubsys__bluetooth__host.a(l2cap.c.obj)
                0x00000000000082b4                bt_l2cap_update_conn_param
 .text.att_op_get_type
                0x0000000000008318       0x74 zephyr/subsys/bluetooth/host/libsubsys__bluetooth__host.a(att.c.obj)
 .text.bt_att_released
                0x000000000000838c        0xc zephyr/subsys/bluetooth/host/libsubsys__bluetooth__host.a(att.c.obj)
 .text.tx_meta_data_free
                0x0000000000008398       0x94 zephyr/subsys/bluetooth/host/libsubsys__bluetooth__host.a(att.c.obj)
 .text.find_type_cb
                0x000000000000842c      0x198 zephyr/subsys/bluetooth/host/libsubsys__bluetooth__host.a(att.c.obj)
 .text.send_err_rsp.part.0
                0x00000000000085c4       0x24 zephyr/subsys/bluetooth/host/libsubsys__bluetooth__host.a(att.c.obj)
 .text.att_get  0x00000000000085e8       0x64 zephyr/subsys/bluetooth/host/libsubsys__bluetooth__host.a(att.c.obj)
 .text.bt_att_connected
                0x000000000000864c       0x38 zephyr/subsys/bluetooth/host/libsubsys__bluetooth__host.a(att.c.obj)
 .text.read_group_cb
                0x0000000000008684       0xb8 zephyr/subsys/bluetooth/host/libsubsys__bluetooth__host.a(att.c.obj)
 .text.bt_att_chan_create_pdu
                0x000000000000873c      0x164 zephyr/subsys/bluetooth/host/libsubsys__bluetooth__host.a(att.c.obj)
 .text.read_type_cb
                0x00000000000088a0       0xac zephyr/subsys/bluetooth/host/libsubsys__bluetooth__host.a(att.c.obj)
 .text.bt_att_accept
                0x000000000000894c      0x120 zephyr/subsys/bluetooth/host/libsubsys__bluetooth__host.a(att.c.obj)
 .text.chan_send
                0x0000000000008a6c      0x124 zephyr/subsys/bluetooth/host/libsubsys__bluetooth__host.a(att.c.obj)
 .text.bt_att_chan_req_send
                0x0000000000008b90       0x84 zephyr/subsys/bluetooth/host/libsubsys__bluetooth__host.a(att.c.obj)
 .text.bt_att_recv
                0x0000000000008c14      0x1a8 zephyr/subsys/bluetooth/host/libsubsys__bluetooth__host.a(att.c.obj)
 .text.att_write_rsp.constprop.0
                0x0000000000008dbc       0xc4 zephyr/subsys/bluetooth/host/libsubsys__bluetooth__host.a(att.c.obj)
 .text.bt_att_create_pdu
                0x0000000000008e80       0x7c zephyr/subsys/bluetooth/host/libsubsys__bluetooth__host.a(att.c.obj)
                0x0000000000008e80                bt_att_create_pdu
 .text.bt_att_create_rsp_pdu
                0x0000000000008efc       0x4c zephyr/subsys/bluetooth/host/libsubsys__bluetooth__host.a(att.c.obj)
                0x0000000000008efc                bt_att_create_rsp_pdu
 .text.att_read_group_req
                0x0000000000008f48       0xfc zephyr/subsys/bluetooth/host/libsubsys__bluetooth__host.a(att.c.obj)
 .text.att_read_mult_vl_req
                0x0000000000009044       0xa8 zephyr/subsys/bluetooth/host/libsubsys__bluetooth__host.a(att.c.obj)
 .text.att_read_mult_req
                0x00000000000090ec       0xa8 zephyr/subsys/bluetooth/host/libsubsys__bluetooth__host.a(att.c.obj)
 .text.att_read_rsp
                0x0000000000009194       0x9c zephyr/subsys/bluetooth/host/libsubsys__bluetooth__host.a(att.c.obj)
 .text.att_read_type_req
                0x0000000000009230       0xc8 zephyr/subsys/bluetooth/host/libsubsys__bluetooth__host.a(att.c.obj)
 .text.att_find_type_req
                0x00000000000092f8       0xcc zephyr/subsys/bluetooth/host/libsubsys__bluetooth__host.a(att.c.obj)
 .text.att_find_info_req
                0x00000000000093c4       0x74 zephyr/subsys/bluetooth/host/libsubsys__bluetooth__host.a(att.c.obj)
 .text.bt_att_init
                0x0000000000009438       0x38 zephyr/subsys/bluetooth/host/libsubsys__bluetooth__host.a(att.c.obj)
                0x0000000000009438                bt_att_init
 .text.bt_att_req_alloc
                0x0000000000009470       0x50 zephyr/subsys/bluetooth/host/libsubsys__bluetooth__host.a(att.c.obj)
                0x0000000000009470                bt_att_req_alloc
 .text.bt_att_req_free
                0x00000000000094c0       0x28 zephyr/subsys/bluetooth/host/libsubsys__bluetooth__host.a(att.c.obj)
                0x00000000000094c0                bt_att_req_free
 .text.att_handle_rsp
                0x00000000000094e8       0x8c zephyr/subsys/bluetooth/host/libsubsys__bluetooth__host.a(att.c.obj)
 .text.bt_att_disconnected
                0x0000000000009574       0xcc zephyr/subsys/bluetooth/host/libsubsys__bluetooth__host.a(att.c.obj)
 .text.att_timeout
                0x0000000000009640       0xc4 zephyr/subsys/bluetooth/host/libsubsys__bluetooth__host.a(att.c.obj)
 .text.bt_att_send
                0x0000000000009704       0xa0 zephyr/subsys/bluetooth/host/libsubsys__bluetooth__host.a(att.c.obj)
                0x0000000000009704                bt_att_send
 .text.bt_att_req_send
                0x00000000000097a4       0x6c zephyr/subsys/bluetooth/host/libsubsys__bluetooth__host.a(att.c.obj)
                0x00000000000097a4                bt_att_req_send
 .text.find_cf_cfg
                0x0000000000009810       0x30 zephyr/subsys/bluetooth/host/libsubsys__bluetooth__host.a(gatt.c.obj)
 .text.find_sc_cfg
                0x0000000000009840       0x24 zephyr/subsys/bluetooth/host/libsubsys__bluetooth__host.a(gatt.c.obj)
 .text.find_ccc_cfg
                0x0000000000009864       0x28 zephyr/subsys/bluetooth/host/libsubsys__bluetooth__host.a(gatt.c.obj)
 .text.read_ppcp
                0x000000000000988c       0x28 zephyr/subsys/bluetooth/host/libsubsys__bluetooth__host.a(gatt.c.obj)
 .text.bt_gatt_attr_write_ccc
                0x00000000000098b4       0xc8 zephyr/subsys/bluetooth/host/libsubsys__bluetooth__host.a(gatt.c.obj)
                0x00000000000098b4                bt_gatt_attr_write_ccc
 .text.clear_cf_cfg
                0x000000000000997c       0x28 zephyr/subsys/bluetooth/host/libsubsys__bluetooth__host.a(gatt.c.obj)
 .text.sc_save  0x00000000000099a4       0x6c zephyr/subsys/bluetooth/host/libsubsys__bluetooth__host.a(gatt.c.obj)
 .text.disconnected_cb
                0x0000000000009a10       0xa0 zephyr/subsys/bluetooth/host/libsubsys__bluetooth__host.a(gatt.c.obj)
 .text.cf_write
                0x0000000000009ab0       0xa4 zephyr/subsys/bluetooth/host/libsubsys__bluetooth__host.a(gatt.c.obj)
 .text.sc_indicate_rsp
                0x0000000000009b54       0x50 zephyr/subsys/bluetooth/host/libsubsys__bluetooth__host.a(gatt.c.obj)
 .text.bt_gatt_init
                0x0000000000009ba4       0xb8 zephyr/subsys/bluetooth/host/libsubsys__bluetooth__host.a(gatt.c.obj)
                0x0000000000009ba4                bt_gatt_init
 .text.bt_gatt_attr_get_handle
                0x0000000000009c5c       0x90 zephyr/subsys/bluetooth/host/libsubsys__bluetooth__host.a(gatt.c.obj)
                0x0000000000009c5c                bt_gatt_attr_get_handle
 .text.bt_gatt_foreach_attr_type
                0x0000000000009cec       0xe0 zephyr/subsys/bluetooth/host/libsubsys__bluetooth__host.a(gatt.c.obj)
                0x0000000000009cec                bt_gatt_foreach_attr_type
 .text.db_hash_gen
                0x0000000000009dcc       0x88 zephyr/subsys/bluetooth/host/libsubsys__bluetooth__host.a(gatt.c.obj)
 .text.db_hash_read
                0x0000000000009e54       0x6c zephyr/subsys/bluetooth/host/libsubsys__bluetooth__host.a(gatt.c.obj)
 .text.db_hash_process
                0x0000000000009ec0       0x1c zephyr/subsys/bluetooth/host/libsubsys__bluetooth__host.a(gatt.c.obj)
 .text.bt_gatt_attr_next
                0x0000000000009edc       0x24 zephyr/subsys/bluetooth/host/libsubsys__bluetooth__host.a(gatt.c.obj)
                0x0000000000009edc                bt_gatt_attr_next
 .text.bt_gatt_is_subscribed
                0x0000000000009f00      0x194 zephyr/subsys/bluetooth/host/libsubsys__bluetooth__host.a(gatt.c.obj)
                0x0000000000009f00                bt_gatt_is_subscribed
 .text.gatt_indicate
                0x000000000000a094       0xf8 zephyr/subsys/bluetooth/host/libsubsys__bluetooth__host.a(gatt.c.obj)
 .text.bt_gatt_indicate
                0x000000000000a18c      0x144 zephyr/subsys/bluetooth/host/libsubsys__bluetooth__host.a(gatt.c.obj)
                0x000000000000a18c                bt_gatt_indicate
 .text.sc_process
                0x000000000000a2d0       0x9c zephyr/subsys/bluetooth/host/libsubsys__bluetooth__host.a(gatt.c.obj)
 .text.update_ccc
                0x000000000000a36c      0x100 zephyr/subsys/bluetooth/host/libsubsys__bluetooth__host.a(gatt.c.obj)
 .text.gatt_notify
                0x000000000000a46c       0xd0 zephyr/subsys/bluetooth/host/libsubsys__bluetooth__host.a(gatt.c.obj)
 .text.notify_cb
                0x000000000000a53c      0x120 zephyr/subsys/bluetooth/host/libsubsys__bluetooth__host.a(gatt.c.obj)
 .text.bt_gatt_connected
                0x000000000000a65c       0x20 zephyr/subsys/bluetooth/host/libsubsys__bluetooth__host.a(gatt.c.obj)
                0x000000000000a65c                bt_gatt_connected
 .text.bt_gatt_att_max_mtu_changed
                0x000000000000a67c       0x28 zephyr/subsys/bluetooth/host/libsubsys__bluetooth__host.a(gatt.c.obj)
                0x000000000000a67c                bt_gatt_att_max_mtu_changed
 .text.bt_gatt_disconnected
                0x000000000000a6a4       0x48 zephyr/subsys/bluetooth/host/libsubsys__bluetooth__host.a(gatt.c.obj)
                0x000000000000a6a4                bt_gatt_disconnected
 .text.bt_smp_accept.part.0
                0x000000000000a6ec       0x30 zephyr/subsys/bluetooth/host/libsubsys__bluetooth__host.a(smp_null.c.obj)
 .text.bt_smp_accept
                0x000000000000a71c       0x1c zephyr/subsys/bluetooth/host/libsubsys__bluetooth__host.a(smp_null.c.obj)
 .text.net_buf_pool_get
                0x000000000000a738       0x10 zephyr/subsys/net/libsubsys__net.a(buf.c.obj)
                0x000000000000a738                net_buf_pool_get
 .text.net_buf_id
                0x000000000000a748       0x24 zephyr/subsys/net/libsubsys__net.a(buf.c.obj)
                0x000000000000a748                net_buf_id
 .text.fixed_data_alloc
                0x000000000000a76c       0x30 zephyr/subsys/net/libsubsys__net.a(buf.c.obj)
 .text.net_buf_reset
                0x000000000000a79c       0x48 zephyr/subsys/net/libsubsys__net.a(buf.c.obj)
                0x000000000000a79c                net_buf_reset
 .text.net_buf_alloc_len
                0x000000000000a7e4      0x1c0 zephyr/subsys/net/libsubsys__net.a(buf.c.obj)
                0x000000000000a7e4                net_buf_alloc_len
 .text.net_buf_slist_put
                0x000000000000a9a4       0xd4 zephyr/subsys/net/libsubsys__net.a(buf.c.obj)
                0x000000000000a9a4                net_buf_slist_put
 .text.net_buf_slist_get
                0x000000000000aa78       0xb8 zephyr/subsys/net/libsubsys__net.a(buf.c.obj)
                0x000000000000aa78                net_buf_slist_get
 .text.net_buf_put
                0x000000000000ab30       0x4c zephyr/subsys/net/libsubsys__net.a(buf.c.obj)
                0x000000000000ab30                net_buf_put
 .text.net_buf_unref
                0x000000000000ab7c       0x88 zephyr/subsys/net/libsubsys__net.a(buf.c.obj)
                0x000000000000ab7c                net_buf_unref
 .text.net_buf_ref
                0x000000000000ac04       0x30 zephyr/subsys/net/libsubsys__net.a(buf.c.obj)
                0x000000000000ac04                net_buf_ref
 .text.net_buf_frag_last
                0x000000000000ac34       0x34 zephyr/subsys/net/libsubsys__net.a(buf.c.obj)
                0x000000000000ac34                net_buf_frag_last
 .text.net_buf_frag_insert
                0x000000000000ac68       0x58 zephyr/subsys/net/libsubsys__net.a(buf.c.obj)
                0x000000000000ac68                net_buf_frag_insert
 .text.net_buf_frag_add
                0x000000000000acc0       0x48 zephyr/subsys/net/libsubsys__net.a(buf.c.obj)
                0x000000000000acc0                net_buf_frag_add
 .text.net_buf_simple_reserve
                0x000000000000ad08       0x44 zephyr/subsys/net/libsubsys__net.a(buf_simple.c.obj)
                0x000000000000ad08                net_buf_simple_reserve
 .text.net_buf_simple_push
                0x000000000000ad4c       0x40 zephyr/subsys/net/libsubsys__net.a(buf_simple.c.obj)
                0x000000000000ad4c                net_buf_simple_push
 .text.net_buf_simple_pull
                0x000000000000ad8c       0x3c zephyr/subsys/net/libsubsys__net.a(buf_simple.c.obj)
                0x000000000000ad8c                net_buf_simple_pull
 .text.net_buf_simple_pull_mem
                0x000000000000adc8       0x3c zephyr/subsys/net/libsubsys__net.a(buf_simple.c.obj)
                0x000000000000adc8                net_buf_simple_pull_mem
 .text.net_buf_simple_add
                0x000000000000ae04       0x3c zephyr/subsys/net/libsubsys__net.a(buf_simple.c.obj)
                0x000000000000ae04                net_buf_simple_add
 .text.bt_rpmsg_send
                0x000000000000ae40       0x78 zephyr/drivers/bluetooth/libdrivers__bluetooth.a(rpmsg.c.obj)
 .text.bt_rpmsg_init
                0x000000000000aeb8       0x40 zephyr/drivers/bluetooth/libdrivers__bluetooth.a(rpmsg.c.obj)
 .text.hci_ept_bound
                0x000000000000aef8        0xc zephyr/drivers/bluetooth/libdrivers__bluetooth.a(rpmsg.c.obj)
 .text.bt_rpmsg_open
                0x000000000000af04       0x8c zephyr/drivers/bluetooth/libdrivers__bluetooth.a(rpmsg.c.obj)
 .text.hci_ept_recv
                0x000000000000af90      0x218 zephyr/drivers/bluetooth/libdrivers__bluetooth.a(rpmsg.c.obj)
 .text.onoff_start
                0x000000000000b1a8       0x3c zephyr/drivers/clock_control/libdrivers__clock_control.a(clock_control_nrf.c.obj)
 .text.get_status
                0x000000000000b1e4       0x3c zephyr/drivers/clock_control/libdrivers__clock_control.a(clock_control_nrf.c.obj)
 .text.stop     0x000000000000b220       0x80 zephyr/drivers/clock_control/libdrivers__clock_control.a(clock_control_nrf.c.obj)
 .text.onoff_stop
                0x000000000000b2a0       0x28 zephyr/drivers/clock_control/libdrivers__clock_control.a(clock_control_nrf.c.obj)
 .text.clk_init
                0x000000000000b2c8       0x64 zephyr/drivers/clock_control/libdrivers__clock_control.a(clock_control_nrf.c.obj)
 .text.clkstarted_handle.constprop.0
                0x000000000000b32c       0x38 zephyr/drivers/clock_control/libdrivers__clock_control.a(clock_control_nrf.c.obj)
 .text.clock_event_handler
                0x000000000000b364       0x70 zephyr/drivers/clock_control/libdrivers__clock_control.a(clock_control_nrf.c.obj)
 .text.generic_hfclk_start
                0x000000000000b3d4       0x64 zephyr/drivers/clock_control/libdrivers__clock_control.a(clock_control_nrf.c.obj)
 .text.api_blocking_start
                0x000000000000b438       0x3c zephyr/drivers/clock_control/libdrivers__clock_control.a(clock_control_nrf.c.obj)
 .text.generic_hfclk_stop
                0x000000000000b474       0x34 zephyr/drivers/clock_control/libdrivers__clock_control.a(clock_control_nrf.c.obj)
 .text.z_nrf_clock_control_lf_on
                0x000000000000b4a8      0x13c zephyr/drivers/clock_control/libdrivers__clock_control.a(clock_control_nrf.c.obj)
                0x000000000000b4a8                z_nrf_clock_control_lf_on
 .text.uart_console_init
                0x000000000000b5e4       0x28 zephyr/drivers/console/libdrivers__console.a(uart_console.c.obj)
 .text.console_out
                0x000000000000b60c       0x28 zephyr/drivers/console/libdrivers__console.a(uart_console.c.obj)
 .text.gpio_nrfx_manage_callback
                0x000000000000b634       0xa0 zephyr/drivers/gpio/libdrivers__gpio.a(gpio_nrfx.c.obj)
 .text.gpio_nrfx_pin_interrupt_configure
                0x000000000000b6d4      0x110 zephyr/drivers/gpio/libdrivers__gpio.a(gpio_nrfx.c.obj)
 .text.gpio_nrfx_init
                0x000000000000b7e4       0x38 zephyr/drivers/gpio/libdrivers__gpio.a(gpio_nrfx.c.obj)
 .text.nrfx_gpio_handler
                0x000000000000b81c       0x78 zephyr/drivers/gpio/libdrivers__gpio.a(gpio_nrfx.c.obj)
 .text.gpio_nrfx_pin_configure
                0x000000000000b894      0x164 zephyr/drivers/gpio/libdrivers__gpio.a(gpio_nrfx.c.obj)
 .text.mbox_nrf_init
                0x000000000000b9f8       0xb4 zephyr/drivers/mbox/libdrivers__mbox.a(mbox_nrfx_ipc.c.obj)
 .text.mbox_nrf_set_enabled
                0x000000000000baac       0xa0 zephyr/drivers/mbox/libdrivers__mbox.a(mbox_nrfx_ipc.c.obj)
 .text.mbox_nrf_send
                0x000000000000bb4c       0x54 zephyr/drivers/mbox/libdrivers__mbox.a(mbox_nrfx_ipc.c.obj)
 .text.mbox_dispatcher
                0x000000000000bba0       0x7c zephyr/drivers/mbox/libdrivers__mbox.a(mbox_nrfx_ipc.c.obj)
 .text.nrf_gpio_pin_port_decode
                0x000000000000bc1c       0x5c zephyr/drivers/pinctrl/libdrivers__pinctrl.a(pinctrl_nrf.c.obj)
 .text.uarte_nrfx_configure
                0x000000000000bc78      0x17c zephyr/drivers/serial/libdrivers__serial.a(uart_nrfx_uarte.c.obj)
 .text.uarte_0_init
                0x000000000000bdf4      0x104 zephyr/drivers/serial/libdrivers__serial.a(uart_nrfx_uarte.c.obj)
 .text.uarte_nrfx_poll_out
                0x000000000000bef8       0xcc zephyr/drivers/serial/libdrivers__serial.a(uart_nrfx_uarte.c.obj)
 .text.compare_int_lock
                0x000000000000bfc4       0x40 zephyr/drivers/timer/libdrivers__timer.a(nrf_rtc_timer.c.obj)
 .text.sys_clock_timeout_handler
                0x000000000000c004       0x48 zephyr/drivers/timer/libdrivers__timer.a(nrf_rtc_timer.c.obj)
 .text.compare_int_unlock
                0x000000000000c04c       0x4c zephyr/drivers/timer/libdrivers__timer.a(nrf_rtc_timer.c.obj)
 .text.z_nrf_rtc_timer_compare_evt_address_get
                0x000000000000c098       0x34 zephyr/drivers/timer/libdrivers__timer.a(nrf_rtc_timer.c.obj)
                0x000000000000c098                z_nrf_rtc_timer_compare_evt_address_get
 .text.z_nrf_rtc_timer_capture_task_address_get
                0x000000000000c0cc       0x34 zephyr/drivers/timer/libdrivers__timer.a(nrf_rtc_timer.c.obj)
                0x000000000000c0cc                z_nrf_rtc_timer_capture_task_address_get
 .text.z_nrf_rtc_timer_compare_read
                0x000000000000c100       0x38 zephyr/drivers/timer/libdrivers__timer.a(nrf_rtc_timer.c.obj)
                0x000000000000c100                z_nrf_rtc_timer_compare_read
 .text.z_nrf_rtc_timer_read
                0x000000000000c138       0x44 zephyr/drivers/timer/libdrivers__timer.a(nrf_rtc_timer.c.obj)
                0x000000000000c138                z_nrf_rtc_timer_read
 .text.compare_set
                0x000000000000c17c      0x124 zephyr/drivers/timer/libdrivers__timer.a(nrf_rtc_timer.c.obj)
 .text.z_nrf_rtc_timer_set
                0x000000000000c2a0       0x40 zephyr/drivers/timer/libdrivers__timer.a(nrf_rtc_timer.c.obj)
                0x000000000000c2a0                z_nrf_rtc_timer_set
 .text.sys_clock_driver_init
                0x000000000000c2e0       0xa4 zephyr/drivers/timer/libdrivers__timer.a(nrf_rtc_timer.c.obj)
 .text.rtc_nrf_isr
                0x000000000000c384      0x100 zephyr/drivers/timer/libdrivers__timer.a(nrf_rtc_timer.c.obj)
                0x000000000000c384                rtc_nrf_isr
 .text.z_nrf_rtc_timer_chan_alloc
                0x000000000000c484       0x3c zephyr/drivers/timer/libdrivers__timer.a(nrf_rtc_timer.c.obj)
                0x000000000000c484                z_nrf_rtc_timer_chan_alloc
 .text.z_nrf_rtc_timer_chan_free
                0x000000000000c4c0       0x44 zephyr/drivers/timer/libdrivers__timer.a(nrf_rtc_timer.c.obj)
                0x000000000000c4c0                z_nrf_rtc_timer_chan_free
 .text.sys_clock_set_timeout
                0x000000000000c504       0x64 zephyr/drivers/timer/libdrivers__timer.a(nrf_rtc_timer.c.obj)
                0x000000000000c504                sys_clock_set_timeout
 .text.sys_clock_elapsed
                0x000000000000c568       0x14 zephyr/drivers/timer/libdrivers__timer.a(nrf_rtc_timer.c.obj)
                0x000000000000c568                sys_clock_elapsed
 .text.sys_clock_disable
                0x000000000000c57c       0x30 zephyr/drivers/timer/libdrivers__timer.a(nrf_rtc_timer.c.obj)
                0x000000000000c57c                sys_clock_disable
 .text.z_impl_gpio_pin_configure
                0x000000000000c5ac      0x164 modules/nrf/lib/dk_buttons_and_leds/lib..__nrf__lib__dk_buttons_and_leds.a(dk_buttons_and_leds.c.obj)
 .text.z_impl_gpio_pin_interrupt_configure
                0x000000000000c710      0x108 modules/nrf/lib/dk_buttons_and_leds/lib..__nrf__lib__dk_buttons_and_leds.a(dk_buttons_and_leds.c.obj)
 .text.gpio_pin_set
                0x000000000000c818       0x5c modules/nrf/lib/dk_buttons_and_leds/lib..__nrf__lib__dk_buttons_and_leds.a(dk_buttons_and_leds.c.obj)
 .text.get_buttons.part.0
                0x000000000000c874       0x28 modules/nrf/lib/dk_buttons_and_leds/lib..__nrf__lib__dk_buttons_and_leds.a(dk_buttons_and_leds.c.obj)
 .text.get_buttons
                0x000000000000c89c       0x94 modules/nrf/lib/dk_buttons_and_leds/lib..__nrf__lib__dk_buttons_and_leds.a(dk_buttons_and_leds.c.obj)
 .text.dk_set_leds_state.part.0
                0x000000000000c930       0x68 modules/nrf/lib/dk_buttons_and_leds/lib..__nrf__lib__dk_buttons_and_leds.a(dk_buttons_and_leds.c.obj)
 .text.callback_ctrl
                0x000000000000c998       0x88 modules/nrf/lib/dk_buttons_and_leds/lib..__nrf__lib__dk_buttons_and_leds.a(dk_buttons_and_leds.c.obj)
 .text.button_pressed
                0x000000000000ca20       0xe8 modules/nrf/lib/dk_buttons_and_leds/lib..__nrf__lib__dk_buttons_and_leds.a(dk_buttons_and_leds.c.obj)
 .text.buttons_scan_fn
                0x000000000000cb08      0x174 modules/nrf/lib/dk_buttons_and_leds/lib..__nrf__lib__dk_buttons_and_leds.a(dk_buttons_and_leds.c.obj)
 .text.dk_leds_init
                0x000000000000cc7c       0x58 modules/nrf/lib/dk_buttons_and_leds/lib..__nrf__lib__dk_buttons_and_leds.a(dk_buttons_and_leds.c.obj)
                0x000000000000cc7c                dk_leds_init
 .text.dk_read_buttons
                0x000000000000ccd4       0x20 modules/nrf/lib/dk_buttons_and_leds/lib..__nrf__lib__dk_buttons_and_leds.a(dk_buttons_and_leds.c.obj)
                0x000000000000ccd4                dk_read_buttons
 .text.dk_buttons_init
                0x000000000000ccf4      0x128 modules/nrf/lib/dk_buttons_and_leds/lib..__nrf__lib__dk_buttons_and_leds.a(dk_buttons_and_leds.c.obj)
                0x000000000000ccf4                dk_buttons_init
 .text.dk_set_led
                0x000000000000ce1c       0x64 modules/nrf/lib/dk_buttons_and_leds/lib..__nrf__lib__dk_buttons_and_leds.a(dk_buttons_and_leds.c.obj)
                0x000000000000ce1c                dk_set_led
 .text.k_sys_fatal_error_handler
                0x000000000000ce80       0x2c modules/nrf/lib/fatal_error/lib..__nrf__lib__fatal_error.a(fatal_error.c.obj)
                0x000000000000ce80                k_sys_fatal_error_handler
 .text.nrf53_errata_42
                0x000000000000ceac       0x24 modules/hal_nordic/nrfx/libmodules__hal_nordic__nrfx.a(system_nrf5340_application.c.obj)
 .text.SystemInit
                0x000000000000ced0      0x1c4 modules/hal_nordic/nrfx/libmodules__hal_nordic__nrfx.a(system_nrf5340_application.c.obj)
                0x000000000000ced0                SystemInit
 .text.nrfx_flag32_alloc
                0x000000000000d094       0x40 modules/hal_nordic/nrfx/libmodules__hal_nordic__nrfx.a(nrfx_flag32_allocator.c.obj)
                0x000000000000d094                nrfx_flag32_alloc
 .text.nrfx_flag32_free
                0x000000000000d0d4       0x38 modules/hal_nordic/nrfx/libmodules__hal_nordic__nrfx.a(nrfx_flag32_allocator.c.obj)
                0x000000000000d0d4                nrfx_flag32_free
 .text.nrfx_gppi_channels_enable
                0x000000000000d10c        0xc modules/hal_nordic/nrfx/libmodules__hal_nordic__nrfx.a(nrfx_gppi_dppi.c.obj)
                0x000000000000d10c                nrfx_gppi_channels_enable
 .text.nrfx_gppi_channels_disable
                0x000000000000d118        0xc modules/hal_nordic/nrfx/libmodules__hal_nordic__nrfx.a(nrfx_gppi_dppi.c.obj)
                0x000000000000d118                nrfx_gppi_channels_disable
 .text.nrfx_gppi_event_endpoint_setup
                0x000000000000d124       0x30 modules/hal_nordic/nrfx/libmodules__hal_nordic__nrfx.a(nrfx_gppi_dppi.c.obj)
                0x000000000000d124                nrfx_gppi_event_endpoint_setup
 .text.nrfx_gppi_task_endpoint_setup
                0x000000000000d154       0x30 modules/hal_nordic/nrfx/libmodules__hal_nordic__nrfx.a(nrfx_gppi_dppi.c.obj)
                0x000000000000d154                nrfx_gppi_task_endpoint_setup
 .text.nrfx_gppi_event_endpoint_clear
                0x000000000000d184       0x2c modules/hal_nordic/nrfx/libmodules__hal_nordic__nrfx.a(nrfx_gppi_dppi.c.obj)
                0x000000000000d184                nrfx_gppi_event_endpoint_clear
 .text.nrfx_gppi_task_endpoint_clear
                0x000000000000d1b0       0x2c modules/hal_nordic/nrfx/libmodules__hal_nordic__nrfx.a(nrfx_gppi_dppi.c.obj)
                0x000000000000d1b0                nrfx_gppi_task_endpoint_clear
 .text.clock_stop
                0x000000000000d1dc      0x190 modules/hal_nordic/nrfx/libmodules__hal_nordic__nrfx.a(nrfx_clock.c.obj)
 .text.nrfx_clock_init
                0x000000000000d36c       0x48 modules/hal_nordic/nrfx/libmodules__hal_nordic__nrfx.a(nrfx_clock.c.obj)
                0x000000000000d36c                nrfx_clock_init
 .text.nrfx_clock_enable
                0x000000000000d3b4       0x54 modules/hal_nordic/nrfx/libmodules__hal_nordic__nrfx.a(nrfx_clock.c.obj)
                0x000000000000d3b4                nrfx_clock_enable
 .text.nrfx_clock_start
                0x000000000000d408       0xf8 modules/hal_nordic/nrfx/libmodules__hal_nordic__nrfx.a(nrfx_clock.c.obj)
                0x000000000000d408                nrfx_clock_start
 .text.nrfx_clock_stop
                0x000000000000d500       0x38 modules/hal_nordic/nrfx/libmodules__hal_nordic__nrfx.a(nrfx_clock.c.obj)
                0x000000000000d500                nrfx_clock_stop
 .text.nrfx_power_clock_irq_handler
                0x000000000000d538       0xb0 modules/hal_nordic/nrfx/libmodules__hal_nordic__nrfx.a(nrfx_clock.c.obj)
                0x000000000000d538                nrfx_power_clock_irq_handler
 .text.nrfx_dppi_channel_alloc
                0x000000000000d5e8        0xc modules/hal_nordic/nrfx/libmodules__hal_nordic__nrfx.a(nrfx_dppi.c.obj)
                0x000000000000d5e8                nrfx_dppi_channel_alloc
 .text.nrfx_dppi_channel_free
                0x000000000000d5f4       0x1c modules/hal_nordic/nrfx/libmodules__hal_nordic__nrfx.a(nrfx_dppi.c.obj)
                0x000000000000d5f4                nrfx_dppi_channel_free
 .text.get_pin_idx
                0x000000000000d610       0x14 modules/hal_nordic/nrfx/libmodules__hal_nordic__nrfx.a(nrfx_gpiote.c.obj)
 .text.pin_in_use
                0x000000000000d624       0x18 modules/hal_nordic/nrfx/libmodules__hal_nordic__nrfx.a(nrfx_gpiote.c.obj)
 .text.pin_in_use_by_te
                0x000000000000d63c       0x18 modules/hal_nordic/nrfx/libmodules__hal_nordic__nrfx.a(nrfx_gpiote.c.obj)
 .text.pin_has_trigger
                0x000000000000d654       0x1c modules/hal_nordic/nrfx/libmodules__hal_nordic__nrfx.a(nrfx_gpiote.c.obj)
 .text.pin_is_output
                0x000000000000d670       0x18 modules/hal_nordic/nrfx/libmodules__hal_nordic__nrfx.a(nrfx_gpiote.c.obj)
 .text.pin_te_get
                0x000000000000d688       0x18 modules/hal_nordic/nrfx/libmodules__hal_nordic__nrfx.a(nrfx_gpiote.c.obj)
 .text.call_handler
                0x000000000000d6a0       0x40 modules/hal_nordic/nrfx/libmodules__hal_nordic__nrfx.a(nrfx_gpiote.c.obj)
 .text.release_handler
                0x000000000000d6e0       0x80 modules/hal_nordic/nrfx/libmodules__hal_nordic__nrfx.a(nrfx_gpiote.c.obj)
 .text.nrf_gpio_pin_port_decode
                0x000000000000d760       0x68 modules/hal_nordic/nrfx/libmodules__hal_nordic__nrfx.a(nrfx_gpiote.c.obj)
 .text.nrf_gpiote_in_event_get
                0x000000000000d7c8       0x34 modules/hal_nordic/nrfx/libmodules__hal_nordic__nrfx.a(nrfx_gpiote.c.obj)
 .text.__nrfy_internal_gpiote_events_process.constprop.0
                0x000000000000d7fc       0x5c modules/hal_nordic/nrfx/libmodules__hal_nordic__nrfx.a(nrfx_gpiote.c.obj)
 .text.nrfx_gpiote_input_configure
                0x000000000000d858      0x168 modules/hal_nordic/nrfx/libmodules__hal_nordic__nrfx.a(nrfx_gpiote.c.obj)
                0x000000000000d858                nrfx_gpiote_input_configure
 .text.nrfx_gpiote_output_configure
                0x000000000000d9c0       0xf8 modules/hal_nordic/nrfx/libmodules__hal_nordic__nrfx.a(nrfx_gpiote.c.obj)
                0x000000000000d9c0                nrfx_gpiote_output_configure
 .text.nrfx_gpiote_global_callback_set
                0x000000000000dab8        0xc modules/hal_nordic/nrfx/libmodules__hal_nordic__nrfx.a(nrfx_gpiote.c.obj)
                0x000000000000dab8                nrfx_gpiote_global_callback_set
 .text.nrfx_gpiote_channel_get
                0x000000000000dac4       0x58 modules/hal_nordic/nrfx/libmodules__hal_nordic__nrfx.a(nrfx_gpiote.c.obj)
                0x000000000000dac4                nrfx_gpiote_channel_get
 .text.nrfx_gpiote_init
                0x000000000000db1c       0x78 modules/hal_nordic/nrfx/libmodules__hal_nordic__nrfx.a(nrfx_gpiote.c.obj)
                0x000000000000db1c                nrfx_gpiote_init
 .text.nrfx_gpiote_is_init
                0x000000000000db94       0x14 modules/hal_nordic/nrfx/libmodules__hal_nordic__nrfx.a(nrfx_gpiote.c.obj)
                0x000000000000db94                nrfx_gpiote_is_init
 .text.nrfx_gpiote_channel_free
                0x000000000000dba8        0xc modules/hal_nordic/nrfx/libmodules__hal_nordic__nrfx.a(nrfx_gpiote.c.obj)
                0x000000000000dba8                nrfx_gpiote_channel_free
 .text.nrfx_gpiote_channel_alloc
                0x000000000000dbb4        0xc modules/hal_nordic/nrfx/libmodules__hal_nordic__nrfx.a(nrfx_gpiote.c.obj)
                0x000000000000dbb4                nrfx_gpiote_channel_alloc
 .text.nrfx_gpiote_trigger_enable
                0x000000000000dbc0       0xe8 modules/hal_nordic/nrfx/libmodules__hal_nordic__nrfx.a(nrfx_gpiote.c.obj)
                0x000000000000dbc0                nrfx_gpiote_trigger_enable
 .text.nrfx_gpiote_trigger_disable
                0x000000000000dca8       0x4c modules/hal_nordic/nrfx/libmodules__hal_nordic__nrfx.a(nrfx_gpiote.c.obj)
                0x000000000000dca8                nrfx_gpiote_trigger_disable
 .text.nrfx_gpiote_pin_uninit
                0x000000000000dcf4       0x84 modules/hal_nordic/nrfx/libmodules__hal_nordic__nrfx.a(nrfx_gpiote.c.obj)
                0x000000000000dcf4                nrfx_gpiote_pin_uninit
 .text.nrfx_gpiote_irq_handler
                0x000000000000dd78      0x1a0 modules/hal_nordic/nrfx/libmodules__hal_nordic__nrfx.a(nrfx_gpiote.c.obj)
                0x000000000000dd78                nrfx_gpiote_irq_handler
 .text.nrfx_ipc_init
                0x000000000000df18       0x50 modules/hal_nordic/nrfx/libmodules__hal_nordic__nrfx.a(nrfx_ipc.c.obj)
                0x000000000000df18                nrfx_ipc_init
 .text.nrfx_ipc_config_load
                0x000000000000df68       0x84 modules/hal_nordic/nrfx/libmodules__hal_nordic__nrfx.a(nrfx_ipc.c.obj)
                0x000000000000df68                nrfx_ipc_config_load
 .text.nrfx_ipc_receive_event_enable
                0x000000000000dfec       0x3c modules/hal_nordic/nrfx/libmodules__hal_nordic__nrfx.a(nrfx_ipc.c.obj)
                0x000000000000dfec                nrfx_ipc_receive_event_enable
 .text.nrfx_ipc_receive_event_disable
                0x000000000000e028       0x3c modules/hal_nordic/nrfx/libmodules__hal_nordic__nrfx.a(nrfx_ipc.c.obj)
                0x000000000000e028                nrfx_ipc_receive_event_disable
 .text.nrfx_ipc_irq_handler
                0x000000000000e064       0x68 modules/hal_nordic/nrfx/libmodules__hal_nordic__nrfx.a(nrfx_ipc.c.obj)
                0x000000000000e064                nrfx_ipc_irq_handler
 .text.metal_generic_dev_open
                0x000000000000e0cc       0x40 modules/libmetal/libmetal/lib/libmetal.a(device.c.obj)
                0x000000000000e0cc                metal_generic_dev_open
 .text.metal_bus_unregister
                0x000000000000e10c       0x3c modules/libmetal/libmetal/lib/libmetal.a(device.c.obj)
                0x000000000000e10c                metal_bus_unregister
 .text.metal_bus_find
                0x000000000000e148       0x3c modules/libmetal/libmetal/lib/libmetal.a(device.c.obj)
                0x000000000000e148                metal_bus_find
 .text.metal_bus_register
                0x000000000000e184       0x5c modules/libmetal/libmetal/lib/libmetal.a(device.c.obj)
                0x000000000000e184                metal_bus_register
 .text.metal_device_close
                0x000000000000e1e0       0x38 modules/libmetal/libmetal/lib/libmetal.a(device.c.obj)
                0x000000000000e1e0                metal_device_close
 .text.metal_register_generic_device
                0x000000000000e218       0x3c modules/libmetal/libmetal/lib/libmetal.a(device.c.obj)
                0x000000000000e218                metal_register_generic_device
 .text.metal_init
                0x000000000000e254       0x40 modules/libmetal/libmetal/lib/libmetal.a(init.c.obj)
                0x000000000000e254                metal_init
 .text.metal_finish
                0x000000000000e294       0x18 modules/libmetal/libmetal/lib/libmetal.a(init.c.obj)
                0x000000000000e294                metal_finish
 .text.metal_sys_init
                0x000000000000e2ac       0x10 modules/libmetal/libmetal/lib/libmetal.a(init.c.obj)
                0x000000000000e2ac                metal_sys_init
 .text.metal_sys_finish
                0x000000000000e2bc        0xc modules/libmetal/libmetal/lib/libmetal.a(init.c.obj)
                0x000000000000e2bc                metal_sys_finish
 .text.metal_zephyr_log_handler
                0x000000000000e2c8       0x3c modules/libmetal/libmetal/lib/libmetal.a(log.c.obj)
                0x000000000000e2c8                metal_zephyr_log_handler
 .text.virtio_create_virtqueues
                0x000000000000e304       0xbc modules/open-amp/open-amp/lib/libopen_amp.a(virtio.c.obj)
                0x000000000000e304                virtio_create_virtqueues
 .text.virtqueue_free
                0x000000000000e3c0       0x38 modules/open-amp/open-amp/lib/libopen_amp.a(virtqueue.c.obj)
                0x000000000000e3c0                virtqueue_free
 .text.virtqueue_add_consumed_buffer
                0x000000000000e3f8       0x38 modules/open-amp/open-amp/lib/libopen_amp.a(virtqueue.c.obj)
                0x000000000000e3f8                virtqueue_add_consumed_buffer
 .text.rpmsg_send_offchannel_raw
                0x000000000000e430       0x2c modules/open-amp/open-amp/lib/libopen_amp.a(rpmsg.c.obj)
                0x000000000000e430                rpmsg_send_offchannel_raw
 .text.rpmsg_send_offchannel_nocopy
                0x000000000000e45c       0x2c modules/open-amp/open-amp/lib/libopen_amp.a(rpmsg.c.obj)
                0x000000000000e45c                rpmsg_send_offchannel_nocopy
 .text.rpmsg_register_endpoint
                0x000000000000e488       0x40 modules/open-amp/open-amp/lib/libopen_amp.a(rpmsg.c.obj)
                0x000000000000e488                rpmsg_register_endpoint
 .text.rpmsg_create_ept
                0x000000000000e4c8      0x100 modules/open-amp/open-amp/lib/libopen_amp.a(rpmsg.c.obj)
                0x000000000000e4c8                rpmsg_create_ept
 .text.rpmsg_virtio_send_offchannel_nocopy
                0x000000000000e5c8       0xe8 modules/open-amp/open-amp/lib/libopen_amp.a(rpmsg_virtio.c.obj)
 .text.rpmsg_virtio_rx_callback
                0x000000000000e6b0       0xdc modules/open-amp/open-amp/lib/libopen_amp.a(rpmsg_virtio.c.obj)
 .text.rpmsg_virtio_send_offchannel_raw
                0x000000000000e78c       0x84 modules/open-amp/open-amp/lib/libopen_amp.a(rpmsg_virtio.c.obj)
 .text.rpmsg_virtio_get_buffer_size
                0x000000000000e810       0x4c modules/open-amp/open-amp/lib/libopen_amp.a(rpmsg_virtio.c.obj)
                0x000000000000e810                rpmsg_virtio_get_buffer_size
 .text.rpmsg_init_vdev_with_config
                0x000000000000e85c      0x254 modules/open-amp/open-amp/lib/libopen_amp.a(rpmsg_virtio.c.obj)
                0x000000000000e85c                rpmsg_init_vdev_with_config
 .text.rpmsg_init_vdev
                0x000000000000eab0       0x2c modules/open-amp/open-amp/lib/libopen_amp.a(rpmsg_virtio.c.obj)
                0x000000000000eab0                rpmsg_init_vdev
 .text.z_device_state_init
                0x000000000000eadc       0x44 zephyr/kernel/libkernel.a(device.c.obj)
                0x000000000000eadc                z_device_state_init
 .text.z_fatal_error
                0x000000000000eb20      0x130 zephyr/kernel/libkernel.a(fatal.c.obj)
                0x000000000000eb20                z_fatal_error
 .text.z_sys_init_run_level
                0x000000000000ec50       0x48 zephyr/kernel/libkernel.a(init.c.obj)
 .text.bg_thread_main
                0x000000000000ec98       0x34 zephyr/kernel/libkernel.a(init.c.obj)
 .text.z_bss_zero
                0x000000000000eccc       0x18 zephyr/kernel/libkernel.a(init.c.obj)
                0x000000000000eccc                z_bss_zero
 .text.z_init_cpu
                0x000000000000ece4       0x7c zephyr/kernel/libkernel.a(init.c.obj)
                0x000000000000ece4                z_init_cpu
 .text.z_cstart
                0x000000000000ed60       0xe4 zephyr/kernel/libkernel.a(init.c.obj)
                0x000000000000ed60                z_cstart
 .text.statics_init
                0x000000000000ee44       0x50 zephyr/kernel/libkernel.a(kheap.c.obj)
 .text.k_heap_aligned_alloc
                0x000000000000ee94      0x138 zephyr/kernel/libkernel.a(kheap.c.obj)
                0x000000000000ee94                k_heap_aligned_alloc
 .text.k_heap_free
                0x000000000000efcc       0xa4 zephyr/kernel/libkernel.a(kheap.c.obj)
                0x000000000000efcc                k_heap_free
 .text.init_mem_slab_module
                0x000000000000f070       0x50 zephyr/kernel/libkernel.a(mem_slab.c.obj)
 .text.k_mem_slab_alloc
                0x000000000000f0c0       0xd4 zephyr/kernel/libkernel.a(mem_slab.c.obj)
                0x000000000000f0c0                k_mem_slab_alloc
 .text.k_mem_slab_free
                0x000000000000f194      0x104 zephyr/kernel/libkernel.a(mem_slab.c.obj)
                0x000000000000f194                k_mem_slab_free
 .text.z_setup_new_thread
                0x000000000000f298       0xc8 zephyr/kernel/libkernel.a(thread.c.obj)
                0x000000000000f298                z_setup_new_thread
 .text.z_impl_k_thread_create
                0x000000000000f360       0x8c zephyr/kernel/libkernel.a(thread.c.obj)
                0x000000000000f360                z_impl_k_thread_create
 .text.z_init_static_threads
                0x000000000000f3ec      0x108 zephyr/kernel/libkernel.a(thread.c.obj)
                0x000000000000f3ec                z_init_static_threads
 .text.z_spin_lock_valid
                0x000000000000f4f4       0x1c zephyr/kernel/libkernel.a(thread.c.obj)
                0x000000000000f4f4                z_spin_lock_valid
 .text.z_spin_unlock_valid
                0x000000000000f510       0x1c zephyr/kernel/libkernel.a(thread.c.obj)
                0x000000000000f510                z_spin_unlock_valid
 .text.z_spin_lock_set_owner
                0x000000000000f52c       0x10 zephyr/kernel/libkernel.a(thread.c.obj)
                0x000000000000f52c                z_spin_lock_set_owner
 .text.idle     0x000000000000f53c       0x48 zephyr/kernel/libkernel.a(idle.c.obj)
                0x000000000000f53c                idle
 .text.z_impl_k_mutex_lock
                0x000000000000f584      0x1a0 zephyr/kernel/libkernel.a(mutex.c.obj)
                0x000000000000f584                z_impl_k_mutex_lock
 .text.z_impl_k_mutex_unlock
                0x000000000000f724      0x11c zephyr/kernel/libkernel.a(mutex.c.obj)
                0x000000000000f724                z_impl_k_mutex_unlock
 .text.queue_insert
                0x000000000000f840      0x134 zephyr/kernel/libkernel.a(queue.c.obj)
 .text.z_impl_k_queue_get
                0x000000000000f974       0xd4 zephyr/kernel/libkernel.a(queue.c.obj)
                0x000000000000f974                z_impl_k_queue_get
 .text.z_impl_k_sem_give
                0x000000000000fa48       0x88 zephyr/kernel/libkernel.a(sem.c.obj)
                0x000000000000fa48                z_impl_k_sem_give
 .text.z_impl_k_sem_take
                0x000000000000fad0       0xf4 zephyr/kernel/libkernel.a(sem.c.obj)
                0x000000000000fad0                z_impl_k_sem_take
 .text.k_sys_work_q_init
                0x000000000000fbc4       0x34 zephyr/kernel/libkernel.a(system_work_q.c.obj)
 .text.work_queue_main
                0x000000000000fbf8      0x1e8 zephyr/kernel/libkernel.a(work.c.obj)
 .text.cancel_sync_locked
                0x000000000000fde0       0x3c zephyr/kernel/libkernel.a(work.c.obj)
 .text.submit_to_queue_locked
                0x000000000000fe1c       0xd8 zephyr/kernel/libkernel.a(work.c.obj)
 .text.work_timeout
                0x000000000000fef4       0xa4 zephyr/kernel/libkernel.a(work.c.obj)
 .text.k_work_init
                0x000000000000ff98       0x4c zephyr/kernel/libkernel.a(work.c.obj)
                0x000000000000ff98                k_work_init
 .text.k_work_busy_get
                0x000000000000ffe4       0x8c zephyr/kernel/libkernel.a(work.c.obj)
                0x000000000000ffe4                k_work_busy_get
 .text.z_work_submit_to_queue
                0x0000000000010070       0xb4 zephyr/kernel/libkernel.a(work.c.obj)
                0x0000000000010070                z_work_submit_to_queue
 .text.k_work_submit
                0x0000000000010124        0xc zephyr/kernel/libkernel.a(work.c.obj)
                0x0000000000010124                k_work_submit
 .text.k_work_queue_init
                0x0000000000010130       0x34 zephyr/kernel/libkernel.a(work.c.obj)
                0x0000000000010130                k_work_queue_init
 .text.k_work_queue_start
                0x0000000000010164       0xd0 zephyr/kernel/libkernel.a(work.c.obj)
                0x0000000000010164                k_work_queue_start
 .text.k_work_queue_drain
                0x0000000000010234      0x11c zephyr/kernel/libkernel.a(work.c.obj)
                0x0000000000010234                k_work_queue_drain
 .text.k_work_init_delayable
                0x0000000000010350       0x58 zephyr/kernel/libkernel.a(work.c.obj)
                0x0000000000010350                k_work_init_delayable
 .text.k_work_schedule_for_queue
                0x00000000000103a8       0xec zephyr/kernel/libkernel.a(work.c.obj)
                0x00000000000103a8                k_work_schedule_for_queue
 .text.k_work_schedule
                0x0000000000010494        0xc zephyr/kernel/libkernel.a(work.c.obj)
                0x0000000000010494                k_work_schedule
 .text.k_work_reschedule_for_queue
                0x00000000000104a0       0xe8 zephyr/kernel/libkernel.a(work.c.obj)
                0x00000000000104a0                k_work_reschedule_for_queue
 .text.k_work_reschedule
                0x0000000000010588        0xc zephyr/kernel/libkernel.a(work.c.obj)
                0x0000000000010588                k_work_reschedule
 .text.k_work_cancel_delayable
                0x0000000000010594       0xb4 zephyr/kernel/libkernel.a(work.c.obj)
                0x0000000000010594                k_work_cancel_delayable
 .text.k_work_cancel_delayable_sync
                0x0000000000010648      0x120 zephyr/kernel/libkernel.a(work.c.obj)
                0x0000000000010648                k_work_cancel_delayable_sync
 .text.sliceable
                0x0000000000010768       0x3c zephyr/kernel/libkernel.a(sched.c.obj)
 .text.slice_timeout
                0x00000000000107a4       0x60 zephyr/kernel/libkernel.a(sched.c.obj)
 .text.z_reset_time_slice
                0x0000000000010804       0x50 zephyr/kernel/libkernel.a(sched.c.obj)
                0x0000000000010804                z_reset_time_slice
 .text.update_cache
                0x0000000000010854       0x68 zephyr/kernel/libkernel.a(sched.c.obj)
 .text.ready_thread
                0x00000000000108bc       0x94 zephyr/kernel/libkernel.a(sched.c.obj)
 .text.z_ready_thread
                0x0000000000010950       0x8c zephyr/kernel/libkernel.a(sched.c.obj)
                0x0000000000010950                z_ready_thread
 .text.z_unpend_thread_no_timeout
                0x00000000000109dc       0x90 zephyr/kernel/libkernel.a(sched.c.obj)
                0x00000000000109dc                z_unpend_thread_no_timeout
 .text.z_reschedule
                0x0000000000010a6c       0x88 zephyr/kernel/libkernel.a(sched.c.obj)
                0x0000000000010a6c                z_reschedule
 .text.z_sched_start
                0x0000000000010af4       0xa4 zephyr/kernel/libkernel.a(sched.c.obj)
                0x0000000000010af4                z_sched_start
 .text.k_sched_lock
                0x0000000000010b98       0xd8 zephyr/kernel/libkernel.a(sched.c.obj)
                0x0000000000010b98                k_sched_lock
 .text.k_sched_unlock
                0x0000000000010c70       0xe8 zephyr/kernel/libkernel.a(sched.c.obj)
                0x0000000000010c70                k_sched_unlock
 .text.z_priq_dumb_remove
                0x0000000000010d58       0x40 zephyr/kernel/libkernel.a(sched.c.obj)
                0x0000000000010d58                z_priq_dumb_remove
 .text.move_thread_to_end_of_prio_q
                0x0000000000010d98       0xa4 zephyr/kernel/libkernel.a(sched.c.obj)
 .text.z_time_slice
                0x0000000000010e3c       0xc8 zephyr/kernel/libkernel.a(sched.c.obj)
                0x0000000000010e3c                z_time_slice
 .text.unready_thread
                0x0000000000010f04       0x38 zephyr/kernel/libkernel.a(sched.c.obj)
 .text.add_to_waitq_locked